Component: Arm Compiler for Embedded 6.22 Tool: armlink [5ee90200]

==============================================================================

Section Cross References

    startup_stm32h743xx.o(RESET) refers to startup_stm32h743xx.o(STACK) for __initial_sp
    startup_stm32h743xx.o(RESET) refers to startup_stm32h743xx.o(.text) for Reset_Handler
    startup_stm32h743xx.o(RESET) refers to stm32h7xx_it.o(.text.NMI_Handler) for NMI_Handler
    startup_stm32h743xx.o(RESET) refers to stm32h7xx_it.o(.text.HardFault_Handler) for HardFault_Handler
    startup_stm32h743xx.o(RESET) refers to stm32h7xx_it.o(.text.MemManage_Handler) for MemManage_Handler
    startup_stm32h743xx.o(RESET) refers to stm32h7xx_it.o(.text.BusFault_Handler) for BusFault_Handler
    startup_stm32h743xx.o(RESET) refers to stm32h7xx_it.o(.text.UsageFault_Handler) for UsageFault_Handler
    startup_stm32h743xx.o(RESET) refers to stm32h7xx_it.o(.text.SVC_Handler) for SVC_Handler
    startup_stm32h743xx.o(RESET) refers to stm32h7xx_it.o(.text.DebugMon_Handler) for DebugMon_Handler
    startup_stm32h743xx.o(RESET) refers to stm32h7xx_it.o(.text.PendSV_Handler) for PendSV_Handler
    startup_stm32h743xx.o(RESET) refers to stm32h7xx_it.o(.text.SysTick_Handler) for SysTick_Handler
    startup_stm32h743xx.o(RESET) refers to stm32h7xx_it.o(.text.DMA1_Stream0_IRQHandler) for DMA1_Stream0_IRQHandler
    startup_stm32h743xx.o(RESET) refers to stm32h7xx_it.o(.text.USART1_IRQHandler) for USART1_IRQHandler
    startup_stm32h743xx.o(RESET) refers to stm32h7xx_it.o(.text.USART3_IRQHandler) for USART3_IRQHandler
    startup_stm32h743xx.o(RESET) refers to stm32h7xx_it.o(.text.TIM16_IRQHandler) for TIM16_IRQHandler
    startup_stm32h743xx.o(RESET) refers to stm32h7xx_it.o(.text.TIM17_IRQHandler) for TIM17_IRQHandler
    startup_stm32h743xx.o(.text) refers to system_stm32h7xx.o(.text.SystemInit) for SystemInit
    startup_stm32h743xx.o(.text) refers to entry.o(.ARM.Collect$$$$00000000) for __main
    main.o(.text.main) refers to stm32h7xx_hal.o(.text.HAL_Init) for HAL_Init
    main.o(.text.main) refers to main.o(.text.MPU_Config) for MPU_Config
    main.o(.text.main) refers to main.o(.text.SystemClock_Config) for SystemClock_Config
    main.o(.text.main) refers to gpio.o(.text.MX_GPIO_Init) for MX_GPIO_Init
    main.o(.text.main) refers to dma.o(.text.MX_DMA_Init) for MX_DMA_Init
    main.o(.text.main) refers to usart.o(.text.MX_USART3_UART_Init) for MX_USART3_UART_Init
    main.o(.text.main) refers to adc.o(.text.MX_ADC3_Init) for MX_ADC3_Init
    main.o(.text.main) refers to tim.o(.text.MX_TIM4_Init) for MX_TIM4_Init
    main.o(.text.main) refers to usart.o(.text.MX_USART6_UART_Init) for MX_USART6_UART_Init
    main.o(.text.main) refers to tim.o(.text.MX_TIM3_Init) for MX_TIM3_Init
    main.o(.text.main) refers to i2c.o(.text.MX_I2C1_Init) for MX_I2C1_Init
    main.o(.text.main) refers to tim.o(.text.MX_TIM2_Init) for MX_TIM2_Init
    main.o(.text.main) refers to tim.o(.text.MX_TIM16_Init) for MX_TIM16_Init
    main.o(.text.main) refers to tim.o(.text.MX_TIM17_Init) for MX_TIM17_Init
    main.o(.text.main) refers to tim.o(.text.MX_TIM7_Init) for MX_TIM7_Init
    main.o(.text.main) refers to usart.o(.text.MX_USART1_UART_Init) for MX_USART1_UART_Init
    main.o(.text.main) refers to oled.o(.text.OLED_Init) for OLED_Init
    main.o(.text.main) refers to main.o(.rodata.str1.1) for .L.str
    main.o(.text.main) refers to oled.o(.text.OLED_ShowString) for OLED_ShowString
    main.o(.text.main) refers to oled.o(.text.OLED_Refresh) for OLED_Refresh
    main.o(.text.main) refers to usart.o(.bss.huart3) for huart3
    main.o(.text.main) refers to 28byj48_it.o(.bss.msg_vector) for msg_vector
    main.o(.text.main) refers to stm32h7xx_hal_uart.o(.text.HAL_UART_Receive_DMA) for HAL_UART_Receive_DMA
    main.o(.ARM.exidx.text.main) refers to main.o(.text.main) for [Anonymous Symbol]
    main.o(.text.MPU_Config) refers to stm32h7xx_hal_cortex.o(.text.HAL_MPU_Disable) for HAL_MPU_Disable
    main.o(.text.MPU_Config) refers to stm32h7xx_hal_cortex.o(.text.HAL_MPU_ConfigRegion) for HAL_MPU_ConfigRegion
    main.o(.text.MPU_Config) refers to stm32h7xx_hal_cortex.o(.text.HAL_MPU_Enable) for HAL_MPU_Enable
    main.o(.ARM.exidx.text.MPU_Config) refers to main.o(.text.MPU_Config) for [Anonymous Symbol]
    main.o(.text.SystemClock_Config) refers to memseta.o(.text) for __aeabi_memclr4
    main.o(.text.SystemClock_Config) refers to stm32h7xx_hal_pwr_ex.o(.text.HAL_PWREx_ConfigSupply) for HAL_PWREx_ConfigSupply
    main.o(.text.SystemClock_Config) refers to stm32h7xx_hal_rcc.o(.text.HAL_RCC_OscConfig) for HAL_RCC_OscConfig
    main.o(.text.SystemClock_Config) refers to main.o(.text.Error_Handler) for Error_Handler
    main.o(.text.SystemClock_Config) refers to stm32h7xx_hal_rcc.o(.text.HAL_RCC_ClockConfig) for HAL_RCC_ClockConfig
[...]
    LL_ADC_SetOffsetSignedSaturation         0x0800b4f1   Thumb Code    40  stm32h7xx_hal_adc.o(.text.LL_ADC_SetOffsetSignedSaturation)
    [Anonymous Symbol]                       0x0800b4f0   Section        0  stm32h7xx_hal_adc.o(.text.LL_ADC_SetOffsetSignedSaturation)
    MPU_Config                               0x0800b519   Thumb Code   202  main.o(.text.MPU_Config)
    [Anonymous Symbol]                       0x0800b518   Section        0  main.o(.text.MPU_Config)
    [Anonymous Symbol]                       0x0800b5e8   Section        0  adc.o(.text.MX_ADC3_Init)
    [Anonymous Symbol]                       0x0800b680   Section        0  dma.o(.text.MX_DMA_Init)
    [Anonymous Symbol]                       0x0800b6b8   Section        0  gpio.o(.text.MX_GPIO_Init)
    [Anonymous Symbol]                       0x0800b950   Section        0  i2c.o(.text.MX_I2C1_Init)
    [Anonymous Symbol]                       0x0800b9c8   Section        0  tim.o(.text.MX_TIM16_Init)
    [Anonymous Symbol]                       0x0800ba08   Section        0  tim.o(.text.MX_TIM17_Init)
    [Anonymous Symbol]                       0x0800ba48   Section        0  tim.o(.text.MX_TIM2_Init)
    [Anonymous Symbol]                       0x0800bb20   Section        0  tim.o(.text.MX_TIM3_Init)
    [Anonymous Symbol]                       0x0800bba8   Section        0  tim.o(.text.MX_TIM4_Init)
    [Anonymous Symbol]                       0x0800bc28   Section        0  tim.o(.text.MX_TIM7_Init)
    [Anonymous Symbol]                       0x0800bc88   Section        0  usart.o(.text.MX_USART1_UART_Init)
    [Anonymous Symbol]                       0x0800bd18   Section        0  usart.o(.text.MX_USART3_UART_Init)
    [Anonymous Symbol]                       0x0800bda8   Section        0  usart.o(.text.MX_USART6_UART_Init)
    [Anonymous Symbol]                       0x0800be38   Section        0  stm32h7xx_it.o(.text.MemManage_Handler)
    [Anonymous Symbol]                       0x0800be40   Section        0  stm32h7xx_it.o(.text.NMI_Handler)
    NVIC_EncodePriority                      0x0800be49   Thumb Code   108  stm32h7xx_hal_cortex.o(.text.NVIC_EncodePriority)
    [Anonymous Symbol]                       0x0800be48   Section        0  stm32h7xx_hal_cortex.o(.text.NVIC_EncodePriority)
    [Anonymous Symbol]                       0x0800beb8   Section        0  oled.o(.text.OLED_Clear)
    [Anonymous Symbol]                       0x0800bf20   Section        0  oled.o(.text.OLED_DrawPoint)
    [Anonymous Symbol]                       0x0800bfc8   Section        0  oled.o(.text.OLED_Init)
    [Anonymous Symbol]                       0x0800c0d0   Section        0  oled.o(.text.OLED_Refresh)
    [Anonymous Symbol]                       0x0800c158   Section        0  oled.o(.text.OLED_ShowChar)
    [Anonymous Symbol]                       0x0800c348   Section        0  oled.o(.text.OLED_ShowString)
    [Anonymous Symbol]                       0x0800c3e0   Section        0  oled.o(.text.OLED_WR_Byte)
    [Anonymous Symbol]                       0x0800c4d0   Section        0  stm32h7xx_it.o(.text.PendSV_Handler)
    RCCEx_PLL2_Config                        0x0800c4d9   Thumb Code   458  stm32h7xx_hal_rcc_ex.o(.text.RCCEx_PLL2_Config)
    [Anonymous Symbol]                       0x0800c4d8   Section        0  stm32h7xx_hal_rcc_ex.o(.text.RCCEx_PLL2_Config)
    RCCEx_PLL3_Config                        0x0800c6a9   Thumb Code   458  stm32h7xx_hal_rcc_ex.o(.text.RCCEx_PLL3_Config)
    [Anonymous Symbol]                       0x0800c6a8   Section        0  stm32h7xx_hal_rcc_ex.o(.text.RCCEx_PLL3_Config)
    [Anonymous Symbol]                       0x0800c878   Section        0  stm32h7xx_it.o(.text.SVC_Handler)
    StepMotor_WritePins_X                    0x0800c881   Thumb Code    72  28byj48_it.o(.text.StepMotor_WritePins_X)
    [Anonymous Symbol]                       0x0800c880   Section        0  28byj48_it.o(.text.StepMotor_WritePins_X)
    StepMotor_WritePins_Y                    0x0800c8c9   Thumb Code    74  28byj48_it.o(.text.StepMotor_WritePins_Y)
    [Anonymous Symbol]                       0x0800c8c8   Section        0  28byj48_it.o(.text.StepMotor_WritePins_Y)
    SysTick_Config                           0x0800c919   Thumb Code    82  stm32h7xx_hal_cortex.o(.text.SysTick_Config)
    [Anonymous Symbol]                       0x0800c918   Section        0  stm32h7xx_hal_cortex.o(.text.SysTick_Config)
    [Anonymous Symbol]                       0x0800c970   Section        0  stm32h7xx_it.o(.text.SysTick_Handler)
    [Anonymous Symbol]                       0x0800c978   Section        0  main.o(.text.SystemClock_Config)
    [Anonymous Symbol]                       0x0800cad0   Section        0  system_stm32h7xx.o(.text.SystemInit)
    [Anonymous Symbol]                       0x0800cc30   Section        0  stm32h7xx_it.o(.text.TIM16_IRQHandler)
    [Anonymous Symbol]                       0x0800cc40   Section        0  stm32h7xx_it.o(.text.TIM17_IRQHandler)
    [Anonymous Symbol]                       0x0800cc50   Section        0  stm32h7xx_hal_tim.o(.text.TIM_Base_SetConfig)
    [Anonymous Symbol]                       0x0800cdf0   Section        0  stm32h7xx_hal_tim.o(.text.TIM_ETR_SetConfig)
    TIM_ITRx_SetConfig                       0x0800ce29   Thumb Code    48  stm32h7xx_hal_tim.o(.text.TIM_ITRx_SetConfig)
    [Anonymous Symbol]                       0x0800ce28   Section        0  stm32h7xx_hal_tim.o(.text.TIM_ITRx_SetConfig)
    TIM_OC1_SetConfig                        0x0800ce59   Thumb Code   336  stm32h7xx_hal_tim.o(.text.TIM_OC1_SetConfig)
    [Anonymous Symbol]                       0x0800ce58   Section        0  stm32h7xx_hal_tim.o(.text.TIM_OC1_SetConfig)
    [Anonymous Symbol]                       0x0800cfa8   Section        0  stm32h7xx_hal_tim.o(.text.TIM_OC2_SetConfig)
    TIM_OC3_SetConfig                        0x0800d119   Thumb Code   362  stm32h7xx_hal_tim.o(.text.TIM_OC3_SetConfig)
    [Anonymous Symbol]                       0x0800d118   Section        0  stm32h7xx_hal_tim.o(.text.TIM_OC3_SetConfig)
    TIM_OC4_SetConfig                        0x0800d289   Thumb Code   218  stm32h7xx_hal_tim.o(.text.TIM_OC4_SetConfig)
    [Anonymous Symbol]                       0x0800d288   Section        0  stm32h7xx_hal_tim.o(.text.TIM_OC4_SetConfig)
    TIM_OC5_SetConfig                        0x0800d369   Thumb Code   208  stm32h7xx_hal_tim.o(.text.TIM_OC5_SetConfig)
    [Anonymous Symbol]                       0x0800d368   Section        0  stm32h7xx_hal_tim.o(.text.TIM_OC5_SetConfig)
    TIM_OC6_SetConfig                        0x0800d439   Thumb Code   210  stm32h7xx_hal_tim.o(.text.TIM_OC6_SetConfig)
    [Anonymous Symbol]                       0x0800d438   Section        0  stm32h7xx_hal_tim.o(.text.TIM_OC6_SetConfig)
    TIM_TI1_ConfigInputStage                 0x0800d511   Thumb Code    80  stm32h7xx_hal_tim.o(.text.TIM_TI1_ConfigInputStage)
    [Anonymous Symbol]                       0x0800d510   Section        0  stm32h7xx_hal_tim.o(.text.TIM_TI1_ConfigInputStage)
    TIM_TI2_ConfigInputStage                 0x0800d561   Thumb Code    82  stm32h7xx_hal_tim.o(.text.TIM_TI2_ConfigInputStage)
    [Anonymous Symbol]                       0x0800d560   Section        0  stm32h7xx_hal_tim.o(.text.TIM_TI2_ConfigInputStage)
    UARTEx_SetNbDataToProcess                0x0800d5b9   Thumb Code   134  stm32h7xx_hal_uart_ex.o(.text.UARTEx_SetNbDataToProcess)
    [Anonymous Symbol]                       0x0800d5b8   Section        0  stm32h7xx_hal_uart_ex.o(.text.UARTEx_SetNbDataToProcess)
    [Anonymous Symbol]                       0x0800d640   Section        0  stm32h7xx_hal_uart.o(.text.UART_AdvFeatureConfig)
    [Anonymous Symbol]                       0x0800d788   Section        0  stm32h7xx_hal_uart.o(.text.UART_CheckIdleState)
    UART_DMAAbortOnError                     0x0800d8d1   Thumb Code    36  stm32h7xx_hal_uart.o(.text.UART_DMAAbortOnError)
    [Anonymous Symbol]                       0x0800d8d0   Section        0  stm32h7xx_hal_uart.o(.text.UART_DMAAbortOnError)
    UART_DMAError                            0x0800d8f9   Thumb Code   128  stm32h7xx_hal_uart.o(.text.UART_DMAError)
    [Anonymous Symbol]                       0x0800d8f8   Section        0  stm32h7xx_hal_uart.o(.text.UART_DMAError)
    UART_DMAReceiveCplt                      0x0800d979   Thumb Code   246  stm32h7xx_hal_uart.o(.text.UART_DMAReceiveCplt)
    [Anonymous Symbol]                       0x0800d978   Section        0  stm32h7xx_hal_uart.o(.text.UART_DMAReceiveCplt)
    UART_DMARxHalfCplt                       0x0800da71   Thumb Code    54  stm32h7xx_hal_uart.o(.text.UART_DMARxHalfCplt)
    [Anonymous Symbol]                       0x0800da70   Section        0  stm32h7xx_hal_uart.o(.text.UART_DMARxHalfCplt)
    UART_EndRxTransfer                       0x0800daa9   Thumb Code   158  stm32h7xx_hal_uart.o(.text.UART_EndRxTransfer)
    [Anonymous Symbol]                       0x0800daa8   Section        0  stm32h7xx_hal_uart.o(.text.UART_EndRxTransfer)
    UART_EndTransmit_IT                      0x0800db49   Thumb Code    68  stm32h7xx_hal_uart.o(.text.UART_EndTransmit_IT)
    [Anonymous Symbol]                       0x0800db48   Section        0  stm32h7xx_hal_uart.o(.text.UART_EndTransmit_IT)
    UART_EndTxTransfer                       0x0800db91   Thumb Code    92  stm32h7xx_hal_uart.o(.text.UART_EndTxTransfer)
    [Anonymous Symbol]                       0x0800db90   Section        0  stm32h7xx_hal_uart.o(.text.UART_EndTxTransfer)
    [Anonymous Symbol]                       0x0800dbf0   Section        0  stm32h7xx_hal_uart.o(.text.UART_SetConfig)
    [Anonymous Symbol]                       0x0800e518   Section        0  stm32h7xx_hal_uart.o(.text.UART_Start_Receive_DMA)
    [Anonymous Symbol]                       0x0800e648   Section        0  stm32h7xx_hal_uart.o(.text.UART_WaitOnFlagUntilTimeout)
    [Anonymous Symbol]                       0x0800e748   Section        0  stm32h7xx_it.o(.text.USART1_IRQHandler)
    [Anonymous Symbol]                       0x0800e758   Section        0  stm32h7xx_it.o(.text.USART3_IRQHandler)
    [Anonymous Symbol]                       0x0800e768   Section        0  stm32h7xx_it.o(.text.UsageFault_Handler)
    __NVIC_EnableIRQ                         0x0800e771   Thumb Code    48  stm32h7xx_hal_cortex.o(.text.__NVIC_EnableIRQ)
    [Anonymous Symbol]                       0x0800e770   Section        0  stm32h7xx_hal_cortex.o(.text.__NVIC_EnableIRQ)
    __NVIC_GetPriorityGrouping               0x0800e7a1   Thumb Code    16  stm32h7xx_hal_cortex.o(.text.__NVIC_GetPriorityGrouping)
    [Anonymous Symbol]                       0x0800e7a0   Section        0  stm32h7xx_hal_cortex.o(.text.__NVIC_GetPriorityGrouping)
    __NVIC_SetPriority                       0x0800e7b1   Thumb Code    66  stm32h7xx_hal_cortex.o(.text.__NVIC_SetPriority)
    [Anonymous Symbol]                       0x0800e7b0   Section        0  stm32h7xx_hal_cortex.o(.text.__NVIC_SetPriority)
    __NVIC_SetPriorityGrouping               0x0800e7f9   Thumb Code    60  stm32h7xx_hal_cortex.o(.text.__NVIC_SetPriorityGrouping)
    [Anonymous Symbol]                       0x0800e7f8   Section        0  stm32h7xx_hal_cortex.o(.text.__NVIC_SetPriorityGrouping)
    [Anonymous Symbol]                       0x0800e838   Section        0  main.o(.text.main)
    i.__0sprintf                             0x0800e9a8   Section        0  printfa.o(i.__0sprintf)
    i.__scatterload_copy                     0x0800e9d0   Section       14  handlers.o(i.__scatterload_copy)
    i.__scatterload_null                     0x0800e9de   Section        2  handlers.o(i.__scatterload_null)
    i.__scatterload_zeroinit                 0x0800e9e0   Section       14  handlers.o(i.__scatterload_zeroinit)
    _fp_digits                               0x0800e9f1   Thumb Code   366  printfa.o(i._fp_digits)
    i._fp_digits                             0x0800e9f0   Section        0  printfa.o(i._fp_digits)
    _printf_core                             0x0800eb75   Thumb Code  1744  printfa.o(i._printf_core)
    i._printf_core                           0x0800eb74   Section        0  printfa.o(i._printf_core)
    _printf_post_padding                     0x0800f251   Thumb Code    36  printfa.o(i._printf_post_padding)
    i._printf_post_padding                   0x0800f250   Section        0  printfa.o(i._printf_post_padding)
    _printf_pre_padding                      0x0800f275   Thumb Code    46  printfa.o(i._printf_pre_padding)
    i._printf_pre_padding                    0x0800f274   Section        0  printfa.o(i._printf_pre_padding)
    _sputc                                   0x0800f2a3   Thumb Code    10  printfa.o(i._sputc)
    i._sputc                                 0x0800f2a2   Section        0  printfa.o(i._sputc)
    DMA_CalcBaseAndBitshift.flagBitshiftOffset 0x0800f2bc   Data           8  stm32h7xx_hal_dma.o(.rodata.DMA_CalcBaseAndBitshift.flagBitshiftOffset)
    [Anonymous Symbol]                       0x0800f2bc   Section        0  stm32h7xx_hal_dma.o(.rodata.DMA_CalcBaseAndBitshift.flagBitshiftOffset)
    UARTEx_SetNbDataToProcess.denominator    0x0800f2c4   Data           8  stm32h7xx_hal_uart_ex.o(.rodata.UARTEx_SetNbDataToProcess.denominator)
    [Anonymous Symbol]                       0x0800f2c4   Section        0  stm32h7xx_hal_uart_ex.o(.rodata.UARTEx_SetNbDataToProcess.denominator)
    UARTEx_SetNbDataToProcess.numerator      0x0800f2cc   Data           8  stm32h7xx_hal_uart_ex.o(.rodata.UARTEx_SetNbDataToProcess.numerator)
    [Anonymous Symbol]                       0x0800f2cc   Section        0  stm32h7xx_hal_uart_ex.o(.rodata.UARTEx_SetNbDataToProcess.numerator)
    step_sequence                            0x08010cd4   Data          32  28byj48_it.o(.rodata.step_sequence)
    [Anonymous Symbol]                       0x08010cd4   Section        0  28byj48_it.o(.rodata.step_sequence)
    step_stop                                0x08010cf4   Data           4  28byj48_it.o(.rodata.step_stop)
    [Anonymous Symbol]                       0x08010cf4   Section        0  28byj48_it.o(.rodata.step_stop)
    .L.str                                   0x08010cf8   Data          13  main.o(.rodata.str1.1)
    [Anonymous Symbol]                       0x08010cf8   Section        0  main.o(.rodata.str1.1)
    .L.str                                   0x08010d05   Data           9  28byj48_it.o(.rodata.str1.1)
    [Anonymous Symbol]                       0x08010d05   Section        0  28byj48_it.o(.rodata.str1.1)
    .L.str.1                                 0x08010d0e   Data          12  28byj48_it.o(.rodata.str1.1)
    HAL_TIM_PeriodElapsedCallback.stepX      0x24000010   Data           1  28byj48_it.o(.bss.HAL_TIM_PeriodElapsedCallback.stepX)
    [Anonymous Symbol]                       0x24000010   Section        0  28byj48_it.o(.bss.HAL_TIM_PeriodElapsedCallback.stepX)
    HAL_TIM_PeriodElapsedCallback.stepY      0x24000011   Data           1  28byj48_it.o(.bss.HAL_TIM_PeriodElapsedCallback.stepY)
    [Anonymous Symbol]                       0x24000011   Section        0  28byj48_it.o(.bss.HAL_TIM_PeriodElapsedCallback.stepY)
    HAL_UART_RxCpltCallback.sum              0x24000012   Data           2  28byj48_it.o(.bss.HAL_UART_RxCpltCallback.sum)
    [Anonymous Symbol]                       0x24000012   Section        0  28byj48_it.o(.bss.HAL_UART_RxCpltCallback.sum)
    remain_stepX                             0x24000950   Data           4  28byj48_it.o(.bss.remain_stepX)
    [Anonymous Symbol]                       0x24000950   Section        0  28byj48_it.o(.bss.remain_stepX)
    remain_stepY                             0x24000954   Data           4  28byj48_it.o(.bss.remain_stepY)
    [Anonymous Symbol]                       0x24000954   Section        0  28byj48_it.o(.bss.remain_stepY)
    STACK                                    0x24000960   Section    29696  startup_stm32h743xx.o(STACK)

    Global Symbols

    Symbol Name                              Value     Ov Type        Size  Object(Section)

    BuildAttributes$$THM_ISAv4$E$P$D$K$B$S$7EM$VFPv5_D16$PE$PLD8$A:L22UL41UL21$X:L11$S22US41US21$IEEE1$IW$~IW$USESV6$~STKCKD$USESV7$~SHL$OSPACE$ROPI$EBA8$MICROLIB$REQ8$PRES8$EABIv2 0x00000000   Number         0  anon$$obj.o ABSOLUTE
    __cpp_initialize__aeabi_                  - Undefined Weak Reference
    __cxa_finalize                            - Undefined Weak Reference
    __decompress                              - Undefined Weak Reference
    _clock_init                               - Undefined Weak Reference
    _microlib_exit                            - Undefined Weak Reference
    __Vectors_Size                           0x00000298   Number         0  startup_stm32h743xx.o ABSOLUTE
    __Vectors                                0x08000000   Data           4  startup_stm32h743xx.o(RESET)
    __Vectors_End                            0x08000298   Data           0  startup_stm32h743xx.o(RESET)
    __main                                   0x08000299   Thumb Code     0  entry.o(.ARM.Collect$$$$00000000)
    _main_stk                                0x08000299   Thumb Code     0  entry2.o(.ARM.Collect$$$$00000001)
    _main_scatterload                        0x0800029d   Thumb Code     0  entry5.o(.ARM.Collect$$$$00000004)
    __main_after_scatterload                 0x080002a1   Thumb Code     0  entry5.o(.ARM.Collect$$$$00000004)
    _main_clock                              0x080002a1   Thumb Code     0  entry7b.o(.ARM.Collect$$$$00000008)
    _main_cpp_init                           0x080002a1   Thumb Code     0  entry8b.o(.ARM.Collect$$$$0000000A)
    _main_init                               0x080002a1   Thumb Code     0  entry9a.o(.ARM.Collect$$$$0000000B)
    __rt_final_cpp                           0x080002a9   Thumb Code     0  entry10a.o(.ARM.Collect$$$$0000000D)
    __rt_final_exit                          0x080002a9   Thumb Code     0  entry11a.o(.ARM.Collect$$$$0000000F)
    Reset_Handler                            0x080002ad   Thumb Code     8  startup_stm32h743xx.o(.text)
    ADC3_IRQHandler                          0x080002c7   Thumb Code     0  startup_stm32h743xx.o(.text)
    ADC_IRQHandler                           0x080002c7   Thumb Code     0  startup_stm32h743xx.o(.text)
    BDMA_Channel0_IRQHandler                 0x080002c7   Thumb Code     0  startup_stm32h743xx.o(.text)
    BDMA_Channel1_IRQHandler                 0x080002c7   Thumb Code     0  startup_stm32h743xx.o(.text)
    BDMA_Channel2_IRQHandler                 0x080002c7   Thumb Code     0  startup_stm32h743xx.o(.text)
    BDMA_Channel3_IRQHandler                 0x080002c7   Thumb Code     0  startup_stm32h743xx.o(.text)
    BDMA_Channel4_IRQHandler                 0x080002c7   Thumb Code     0  startup_stm32h743xx.o(.text)
    BDMA_Channel5_IRQHandler                 0x080002c7   Thumb Code     0  startup_stm32h743xx.o(.text)
    BDMA_Channel6_IRQHandler                 0x080002c7   Thumb Code     0  startup_stm32h743xx.o(.text)
    BDMA_Channel7_IRQHandler                 0x080002c7   Thumb Code     0  startup_stm32h743xx.o(.text)
    CEC_IRQHandler                           0x080002c7   Thumb Code     0  startup_stm32h743xx.o(.text)
    COMP1_IRQHandler                         0x080002c7   Thumb Code     0  startup_stm32h743xx.o(.text)
    CRS_IRQHandler                           0x080002c7   Thumb Code     0  startup_stm32h743xx.o(.text)
    DCMI_IRQHandler                          0x080002c7   Thumb Code     0  startup_stm32h743xx.o(.text)
    DFSDM1_FLT0_IRQHandler                   0x080002c7   Thumb Code     0  startup_stm32h743xx.o(.text)
    DFSDM1_FLT1_IRQHandler                   0x080002c7   Thumb Code     0  startup_stm32h743xx.o(.text)
    DFSDM1_FLT2_IRQHandler                   0x080002c7   Thumb Code     0  startup_stm32h743xx.o(.text)
    DFSDM1_FLT3_IRQHandler                   0x080002c7   Thumb Code     0  startup_stm32h743xx.o(.text)
    DMA1_Stream1_IRQHandler                  0x080002c7   Thumb Code     0  startup_stm32h743xx.o(.text)
    DMA1_Stream2_IRQHandler                  0x080002c7   Thumb Code     0  startup_stm32h743xx.o(.text)
    DMA1_Stream3_IRQHandler                  0x080002c7   Thumb Code     0  startup_stm32h743xx.o(.text)
    DMA1_Stream4_IRQHandler                  0x080002c7   Thumb Code     0  startup_stm32h743xx.o(.text)
    DMA1_Stream5_IRQHandler                  0x080002c7   Thumb Code     0  startup_stm32h743xx.o(.text)
    DMA1_Stream6_IRQHandler                  0x080002c7   Thumb Code     0  startup_stm32h743xx.o(.text)
    DMA1_Stream7_IRQHandler                  0x080002c7   Thumb Code     0  startup_stm32h743xx.o(.text)
    DMA2D_IRQHandler                         0x080002c7   Thumb Code     0  startup_stm32h743xx.o(.text)
    DMA2_Stream0_IRQHandler                  0x080002c7   Thumb Code     0  startup_stm32h743xx.o(.text)
    DMA2_Stream1_IRQHandler                  0x080002c7   Thumb Code     0  startup_stm32h743xx.o(.text)
    DMA2_Stream2_IRQHandler                  0x080002c7   Thumb Code     0  startup_stm32h743xx.o(.text)
    DMA2_Stream3_IRQHandler                  0x080002c7   Thumb Code     0  startup_stm32h743xx.o(.text)
    DMA2_Stream4_IRQHandler                  0x080002c7   Thumb Code     0  startup_stm32h743xx.o(.text)
    DMA2_Stream5_IRQHandler                  0x080002c7   Thumb Code     0  startup_stm32h743xx.o(.text)
    DMA2_Stream6_IRQHandler                  0x080002c7   Thumb Code     0  startup_stm32h743xx.o(.text)
    DMA2_Stream7_IRQHandler                  0x080002c7   Thumb Code     0  startup_stm32h743xx.o(.text)
    DMAMUX1_OVR_IRQHandler                   0x080002c7   Thumb Code     0  startup_stm32h743xx.o(.text)
    DMAMUX2_OVR_IRQHandler                   0x080002c7   Thumb Code     0  startup_stm32h743xx.o(.text)
    ECC_IRQHandler                           0x080002c7   Thumb Code     0  startup_stm32h743xx.o(.text)
    ETH_IRQHandler                           0x080002c7   Thumb Code     0  startup_stm32h743xx.o(.text)
    ETH_WKUP_IRQHandler                      0x080002c7   Thumb Code     0  startup_stm32h743xx.o(.text)
    EXTI0_IRQHandler                         0x080002c7   Thumb Code     0  startup_stm32h743xx.o(.text)
    EXTI15_10_IRQHandler                     0x080002c7   Thumb Code     0  startup_stm32h743xx.o(.text)
    EXTI1_IRQHandler                         0x080002c7   Thumb Code     0  startup_stm32h743xx.o(.text)
    EXTI2_IRQHandler                         0x080002c7   Thumb Code     0  startup_stm32h743xx.o(.text)
    EXTI3_IRQHandler                         0x080002c7   Thumb Code     0  startup_stm32h743xx.o(.text)
    EXTI4_IRQHandler                         0x080002c7   Thumb Code     0  startup_stm32h743xx.o(.text)
    EXTI9_5_IRQHandler                       0x080002c7   Thumb Code     0  startup_stm32h743xx.o(.text)
    FDCAN1_IT0_IRQHandler                    0x080002c7   Thumb Code     0  startup_stm32h743xx.o(.text)
    FDCAN1_IT1_IRQHandler                    0x080002c7   Thumb Code     0  startup_stm32h743xx.o(.text)
    FDCAN2_IT0_IRQHandler                    0x080002c7   Thumb Code     0  startup_stm32h743xx.o(.text)
    FDCAN2_IT1_IRQHandler                    0x080002c7   Thumb Code     0  startup_stm32h743xx.o(.text)
    FDCAN_CAL_IRQHandler                     0x080002c7   Thumb Code     0  startup_stm32h743xx.o(.text)
    FLASH_IRQHandler                         0x080002c7   Thumb Code     0  startup_stm32h743xx.o(.text)
    FMC_IRQHandler                           0x080002c7   Thumb Code     0  startup_stm32h743xx.o(.text)
    FPU_IRQHandler                           0x080002c7   Thumb Code     0  startup_stm32h743xx.o(.text)
    HRTIM1_FLT_IRQHandler                    0x080002c7   Thumb Code     0  startup_stm32h743xx.o(.text)
    HRTIM1_Master_IRQHandler                 0x080002c7   Thumb Code     0  startup_stm32h743xx.o(.text)
    HRTIM1_TIMA_IRQHandler                   0x080002c7   Thumb Code     0  startup_stm32h743xx.o(.text)
    HRTIM1_TIMB_IRQHandler                   0x080002c7   Thumb Code     0  startup_stm32h743xx.o(.text)
    HRTIM1_TIMC_IRQHandler                   0x080002c7   Thumb Code     0  startup_stm32h743xx.o(.text)
    HRTIM1_TIMD_IRQHandler                   0x080002c7   Thumb Code     0  startup_stm32h743xx.o(.text)
    HRTIM1_TIME_IRQHandler                   0x080002c7   Thumb Code     0  startup_stm32h743xx.o(.text)
    HSEM1_IRQHandler                         0x080002c7   Thumb Code     0  startup_stm32h743xx.o(.text)
    I2C1_ER_IRQHandler                       0x080002c7   Thumb Code     0  startup_stm32h743xx.o(.text)
    I2C1_EV_IRQHandler                       0x080002c7   Thumb Code     0  startup_stm32h743xx.o(.text)
    I2C2_ER_IRQHandler                       0x080002c7   Thumb Code     0  startup_stm32h743xx.o(.text)
    I2C2_EV_IRQHandler                       0x080002c7   Thumb Code     0  startup_stm32h743xx.o(.text)
    I2C3_ER_IRQHandler                       0x080002c7   Thumb Code     0  startup_stm32h743xx.o(.text)
    I2C3_EV_IRQHandler                       0x080002c7   Thumb Code     0  startup_stm32h743xx.o(.text)
    I2C4_ER_IRQHandler                       0x080002c7   Thumb Code     0  startup_stm32h743xx.o(.text)
    I2C4_EV_IRQHandler                       0x080002c7   Thumb Code     0  startup_stm32h743xx.o(.text)
    JPEG_IRQHandler                          0x080002c7   Thumb Code     0  startup_stm32h743xx.o(.text)
    LPTIM1_IRQHandler                        0x080002c7   Thumb Code     0  startup_stm32h743xx.o(.text)
    LPTIM2_IRQHandler                        0x080002c7   Thumb Code     0  startup_stm32h743xx.o(.text)
    LPTIM3_IRQHandler                        0x080002c7   Thumb Code     0  startup_stm32h743xx.o(.text)
    LPTIM4_IRQHandler                        0x080002c7   Thumb Code     0  startup_stm32h743xx.o(.text)
    LPTIM5_IRQHandler                        0x080002c7   Thumb Code     0  startup_stm32h743xx.o(.text)
    LPUART1_IRQHandler                       0x080002c7   Thumb Code     0  startup_stm32h743xx.o(.text)
    LTDC_ER_IRQHandler                       0x080002c7   Thumb Code     0  startup_stm32h743xx.o(.text)
    LTDC_IRQHandler                          0x080002c7   Thumb Code     0  startup_stm32h743xx.o(.text)
    MDIOS_IRQHandler                         0x080002c7   Thumb Code     0  startup_stm32h743xx.o(.text)
    MDIOS_WKUP_IRQHandler                    0x080002c7   Thumb Code     0  startup_stm32h743xx.o(.text)
    MDMA_IRQHandler                          0x080002c7   Thumb Code     0  startup_stm32h743xx.o(.text)
    OTG_FS_EP1_IN_IRQHandler                 0x080002c7   Thumb Code     0  startup_stm32h743xx.o(.text)
    OTG_FS_EP1_OUT_IRQHandler                0x080002c7   Thumb Code     0  startup_stm32h743xx.o(.text)
    OTG_FS_IRQHandler                        0x080002c7   Thumb Code     0  startup_stm32h743xx.o(.text)
    OTG_FS_WKUP_IRQHandler                   0x080002c7   Thumb Code     0  startup_stm32h743xx.o(.text)
    OTG_HS_EP1_IN_IRQHandler                 0x080002c7   Thumb Code     0  startup_stm32h743xx.o(.text)
    OTG_HS_EP1_OUT_IRQHandler                0x080002c7   Thumb Code     0  startup_stm32h743xx.o(.text)
    OTG_HS_IRQHandler                        0x080002c7   Thumb Code     0  startup_stm32h743xx.o(.text)
    OTG_HS_WKUP_IRQHandler                   0x080002c7   Thumb Code     0  startup_stm32h743xx.o(.text)
    PVD_AVD_IRQHandler                       0x080002c7   Thumb Code     0  startup_stm32h743xx.o(.text)
    QUADSPI_IRQHandler                       0x080002c7   Thumb Code     0  startup_stm32h743xx.o(.text)
    RCC_IRQHandler                           0x080002c7   Thumb Code     0  startup_stm32h743xx.o(.text)
    RNG_IRQHandler                           0x080002c7   Thumb Code     0  startup_stm32h743xx.o(.text)
    RTC_Alarm_IRQHandler                     0x080002c7   Thumb Code     0  startup_stm32h743xx.o(.text)
    RTC_WKUP_IRQHandler                      0x080002c7   Thumb Code     0  startup_stm32h743xx.o(.text)
    SAI1_IRQHandler                          0x080002c7   Thumb Code     0  startup_stm32h743xx.o(.text)
    SAI2_IRQHandler                          0x080002c7   Thumb Code     0  startup_stm32h743xx.o(.text)
    SAI3_IRQHandler                          0x080002c7   Thumb Code     0  startup_stm32h743xx.o(.text)
    SAI4_IRQHandler                          0x080002c7   Thumb Code     0  startup_stm32h743xx.o(.text)
    SDMMC1_IRQHandler                        0x080002c7   Thumb Code     0  startup_stm32h743xx.o(.text)
    SDMMC2_IRQHandler                        0x080002c7   Thumb Code     0  startup_stm32h743xx.o(.text)
    SPDIF_RX_IRQHandler                      0x080002c7   Thumb Code     0  startup_stm32h743xx.o(.text)
    SPI1_IRQHandler                          0x080002c7   Thumb Code     0  startup_stm32h743xx.o(.text)
    SPI2_IRQHandler                          0x080002c7   Thumb Code     0  startup_stm32h743xx.o(.text)
    SPI3_IRQHandler                          0x080002c7   Thumb Code     0  startup_stm32h743xx.o(.text)
    SPI4_IRQHandler                          0x080002c7   Thumb Code     0  startup_stm32h743xx.o(.text)
    SPI5_IRQHandler                          0x080002c7   Thumb Code     0  startup_stm32h743xx.o(.text)
    SPI6_IRQHandler                          0x080002c7   Thumb Code     0  startup_stm32h743xx.o(.text)
    SWPMI1_IRQHandler                        0x080002c7   Thumb Code     0  startup_stm32h743xx.o(.text)
    TAMP_STAMP_IRQHandler                    0x080002c7   Thumb Code     0  startup_stm32h743xx.o(.text)
    TIM15_IRQHandler                         0x080002c7   Thumb Code     0  startup_stm32h743xx.o(.text)
    TIM1_BRK_IRQHandler                      0x080002c7   Thumb Code     0  startup_stm32h743xx.o(.text)
    TIM1_CC_IRQHandler                       0x080002c7   Thumb Code     0  startup_stm32h743xx.o(.text)
    TIM1_TRG_COM_IRQHandler                  0x080002c7   Thumb Code     0  startup_stm32h743xx.o(.text)
    TIM1_UP_IRQHandler                       0x080002c7   Thumb Code     0  startup_stm32h743xx.o(.text)
    TIM2_IRQHandler                          0x080002c7   Thumb Code     0  startup_stm32h743xx.o(.text)
    TIM3_IRQHandler                          0x080002c7   Thumb Code     0  startup_stm32h743xx.o(.text)
    TIM4_IRQHandler                          0x080002c7   Thumb Code     0  startup_stm32h743xx.o(.text)
    TIM5_IRQHandler                          0x080002c7   Thumb Code     0  startup_stm32h743xx.o(.text)
    TIM6_DAC_IRQHandler                      0x080002c7   Thumb Code     0  startup_stm32h743xx.o(.text)
    TIM7_IRQHandler                          0x080002c7   Thumb Code     0  startup_stm32h743xx.o(.text)
    TIM8_BRK_TIM12_IRQHandler                0x080002c7   Thumb Code     0  startup_stm32h743xx.o(.text)
    TIM8_CC_IRQHandler                       0x080002c7   Thumb Code     0  startup_stm32h743xx.o(.text)
    TIM8_TRG_COM_TIM14_IRQHandler            0x080002c7   Thumb Code     0  startup_stm32h743xx.o(.text)
    TIM8_UP_TIM13_IRQHandler                 0x080002c7   Thumb Code     0  startup_stm32h743xx.o(.text)
    UART4_IRQHandler                         0x080002c7   Thumb Code     0  startup_stm32h743xx.o(.text)
    UART5_IRQHandler                         0x080002c7   Thumb Code     0  startup_stm32h743xx.o(.text)
    UART7_IRQHandler                         0x080002c7   Thumb Code     0  startup_stm32h743xx.o(.text)
    UART8_IRQHandler                         0x080002c7   Thumb Code     0  startup_stm32h743xx.o(.text)
    USART2_IRQHandler                        0x080002c7   Thumb Code     0  startup_stm32h743xx.o(.text)
    USART6_IRQHandler                        0x080002c7   Thumb Code     0  startup_stm32h743xx.o(.text)
    WAKEUP_PIN_IRQHandler                    0x080002c7   Thumb Code     0  startup_stm32h743xx.o(.text)
    WWDG_IRQHandler                          0x080002c7   Thumb Code     0  startup_stm32h743xx.o(.text)
    __aeabi_uldivmod                         0x080002d1   Thumb Code    98  uldiv.o(.text)
    __aeabi_memset                           0x08000333   Thumb Code    14  memseta.o(.text)
    __aeabi_memset4                          0x08000333   Thumb Code     0  memseta.o(.text)
    __aeabi_memset8                          0x08000333   Thumb Code     0  memseta.o(.text)
    __aeabi_memclr                           0x08000341   Thumb Code     4  memseta.o(.text)
    __aeabi_memclr4                          0x08000341   Thumb Code     0  memseta.o(.text)
    __aeabi_memclr8                          0x08000341   Thumb Code     0  memseta.o(.text)
    _memset$wrapper                          0x08000345   Thumb Code    18  memseta.o(.text)
    __aeabi_uidiv                            0x08000357   Thumb Code     0  uidiv.o(.text)
    __aeabi_uidivmod                         0x08000357   Thumb Code    44  uidiv.o(.text)
    __aeabi_llsl                             0x08000383   Thumb Code    30  llshl.o(.text)
    _ll_shift_l                              0x08000383   Thumb Code     0  llshl.o(.text)
    __aeabi_llsr                             0x080003a1   Thumb Code    32  llushr.o(.text)
    _ll_ushift_r                             0x080003a1   Thumb Code     0  llushr.o(.text)
    __I$use$fp                               0x080003c1   Thumb Code     0  iusefp.o(.text)
    __aeabi_dadd                             0x080003c1   Thumb Code   322  dadd.o(.text)
    __aeabi_dsub                             0x08000503   Thumb Code     6  dadd.o(.text)
    __aeabi_drsub                            0x08000509   Thumb Code     6  dadd.o(.text)
    __aeabi_dmul                             0x0800050f   Thumb Code   228  dmul.o(.text)
    __aeabi_ddiv                             0x080005f3   Thumb Code   222  ddiv.o(.text)
    __aeabi_d2ulz                            0x080006d1   Thumb Code    48  dfixul.o(.text)
    __aeabi_cdrcmple                         0x08000701   Thumb Code    48  cdrcmple.o(.text)
    __scatterload                            0x08000731   Thumb Code    38  init.o(.text)
    __scatterload_rt2                        0x08000731   Thumb Code     0  init.o(.text)
    __aeabi_lasr                             0x08000761   Thumb Code    36  llsshr.o(.text)
    _ll_sshift_r                             0x08000761   Thumb Code     0  llsshr.o(.text)
    _double_round                            0x08000785   Thumb Code    30  depilogue.o(.text)
    _double_epilogue                         0x080007a3   Thumb Code   156  depilogue.o(.text)
    ADC_ConfigureBoostMode                   0x08000841   Thumb Code   536  stm32h7xx_hal_adc.o(.text.ADC_ConfigureBoostMode)
    BusFault_Handler                         0x08000a59   Thumb Code     4  stm32h7xx_it.o(.text.BusFault_Handler)
    DMA1_Stream0_IRQHandler                  0x08000a61   Thumb Code    16  stm32h7xx_it.o(.text.DMA1_Stream0_IRQHandler)
    DebugMon_Handler                         0x080014f1   Thumb Code     2  stm32h7xx_it.o(.text.DebugMon_Handler)
    Error_Handler                            0x080014f9   Thumb Code     6  main.o(.text.Error_Handler)
    HAL_ADC_ConfigChannel                    0x08001501   Thumb Code  1916  stm32h7xx_hal_adc.o(.text.HAL_ADC_ConfigChannel)
    HAL_ADC_Init                             0x08001c81   Thumb Code   968  stm32h7xx_hal_adc.o(.text.HAL_ADC_Init)
    HAL_ADC_MspInit                          0x08002049   Thumb Code   170  adc.o(.text.HAL_ADC_MspInit)
    HAL_DMA_Abort                            0x080020f9   Thumb Code  2424  stm32h7xx_hal_dma.o(.text.HAL_DMA_Abort)
    HAL_DMA_Abort_IT                         0x08002a71   Thumb Code  1706  stm32h7xx_hal_dma.o(.text.HAL_DMA_Abort_IT)
    HAL_DMA_IRQHandler                       0x08003121   Thumb Code  4544  stm32h7xx_hal_dma.o(.text.HAL_DMA_IRQHandler)
    HAL_DMA_Init                             0x080042e1   Thumb Code  2402  stm32h7xx_hal_dma.o(.text.HAL_DMA_Init)
    HAL_DMA_Start_IT                         0x08004c49   Thumb Code  1794  stm32h7xx_hal_dma.o(.text.HAL_DMA_Start_IT)
    HAL_Delay                                0x08005351   Thumb Code    66  stm32h7xx_hal.o(.text.HAL_Delay)
    HAL_GPIO_Init                            0x08005399   Thumb Code   964  stm32h7xx_hal_gpio.o(.text.HAL_GPIO_Init)
    HAL_GPIO_WritePin                        0x08005761   Thumb Code    46  stm32h7xx_hal_gpio.o(.text.HAL_GPIO_WritePin)
    HAL_GetREVID                             0x08005791   Thumb Code    14  stm32h7xx_hal.o(.text.HAL_GetREVID)
    HAL_GetTick                              0x080057a1   Thumb Code    12  stm32h7xx_hal.o(.text.HAL_GetTick)
    HAL_I2CEx_ConfigAnalogFilter             0x080057b1   Thumb Code   152  stm32h7xx_hal_i2c_ex.o(.text.HAL_I2CEx_ConfigAnalogFilter)
    HAL_I2CEx_ConfigDigitalFilter            0x08005849   Thumb Code   162  stm32h7xx_hal_i2c_ex.o(.text.HAL_I2CEx_ConfigDigitalFilter)
    HAL_I2C_Init                             0x080058f1   Thumb Code   260  stm32h7xx_hal_i2c.o(.text.HAL_I2C_Init)
    HAL_I2C_MspInit                          0x080059f9   Thumb Code   168  i2c.o(.text.HAL_I2C_MspInit)
    HAL_IncTick                              0x08005aa1   Thumb Code    26  stm32h7xx_hal.o(.text.HAL_IncTick)
    HAL_Init                                 0x08005ac1   Thumb Code   122  stm32h7xx_hal.o(.text.HAL_Init)
    HAL_InitTick                             0x08005b41   Thumb Code   134  stm32h7xx_hal.o(.text.HAL_InitTick)
    HAL_MPU_ConfigRegion                     0x08005bc9   Thumb Code   158  stm32h7xx_hal_cortex.o(.text.HAL_MPU_ConfigRegion)
    HAL_MPU_Disable                          0x08005c69   Thumb Code    34  stm32h7xx_hal_cortex.o(.text.HAL_MPU_Disable)
    HAL_MPU_Enable                           0x08005c91   Thumb Code    48  stm32h7xx_hal_cortex.o(.text.HAL_MPU_Enable)
    HAL_MspInit                              0x08005cc1   Thumb Code    36  stm32h7xx_hal_msp.o(.text.HAL_MspInit)
    HAL_NVIC_EnableIRQ                       0x08005ce9   Thumb Code    20  stm32h7xx_hal_cortex.o(.text.HAL_NVIC_EnableIRQ)
    HAL_NVIC_SetPriority                     0x08005d01   Thumb Code    46  stm32h7xx_hal_cortex.o(.text.HAL_NVIC_SetPriority)
    HAL_NVIC_SetPriorityGrouping             0x08005d31   Thumb Code    16  stm32h7xx_hal_cortex.o(.text.HAL_NVIC_SetPriorityGrouping)
    HAL_PWREx_ConfigSupply                   0x08005d41   Thumb Code   162  stm32h7xx_hal_pwr_ex.o(.text.HAL_PWREx_ConfigSupply)
    HAL_RCCEx_GetD3PCLK1Freq                 0x08005de9   Thumb Code    38  stm32h7xx_hal_rcc_ex.o(.text.HAL_RCCEx_GetD3PCLK1Freq)
    HAL_RCCEx_GetPLL1ClockFreq               0x08005e11   Thumb Code   668  stm32h7xx_hal_rcc_ex.o(.text.HAL_RCCEx_GetPLL1ClockFreq)
    HAL_RCCEx_GetPLL2ClockFreq               0x080060c1   Thumb Code   668  stm32h7xx_hal_rcc_ex.o(.text.HAL_RCCEx_GetPLL2ClockFreq)
    HAL_RCCEx_GetPLL3ClockFreq               0x08006371   Thumb Code   668  stm32h7xx_hal_rcc_ex.o(.text.HAL_RCCEx_GetPLL3ClockFreq)
    HAL_RCCEx_GetPeriphCLKFreq               0x08006621   Thumb Code  3146  stm32h7xx_hal_rcc_ex.o(.text.HAL_RCCEx_GetPeriphCLKFreq)
    HAL_RCCEx_PeriphCLKConfig                0x08007271   Thumb Code  4256  stm32h7xx_hal_rcc_ex.o(.text.HAL_RCCEx_PeriphCLKConfig)
    HAL_RCC_ClockConfig                      0x08008311   Thumb Code  1176  stm32h7xx_hal_rcc.o(.text.HAL_RCC_ClockConfig)
    HAL_RCC_GetHCLKFreq                      0x080087a9   Thumb Code    86  stm32h7xx_hal_rcc.o(.text.HAL_RCC_GetHCLKFreq)
    HAL_RCC_GetPCLK1Freq                     0x08008801   Thumb Code    38  stm32h7xx_hal_rcc.o(.text.HAL_RCC_GetPCLK1Freq)
    HAL_RCC_GetPCLK2Freq                     0x08008829   Thumb Code    38  stm32h7xx_hal_rcc.o(.text.HAL_RCC_GetPCLK2Freq)
    HAL_RCC_GetSysClockFreq                  0x08008851   Thumb Code   768  stm32h7xx_hal_rcc.o(.text.HAL_RCC_GetSysClockFreq)
    HAL_RCC_OscConfig                        0x08008b61   Thumb Code  2904  stm32h7xx_hal_rcc.o(.text.HAL_RCC_OscConfig)
    HAL_SYSCFG_AnalogSwitchConfig            0x080096b9   Thumb Code    30  stm32h7xx_hal.o(.text.HAL_SYSCFG_AnalogSwitchConfig)
    HAL_SYSTICK_Config                       0x080096d9   Thumb Code    16  stm32h7xx_hal_cortex.o(.text.HAL_SYSTICK_Config)
    HAL_TIMEx_Break2Callback                 0x080096e9   Thumb Code     8  stm32h7xx_hal_tim_ex.o(.text.HAL_TIMEx_Break2Callback)
    HAL_TIMEx_BreakCallback                  0x080096f1   Thumb Code     8  stm32h7xx_hal_tim_ex.o(.text.HAL_TIMEx_BreakCallback)
    HAL_TIMEx_CommutCallback                 0x080096f9   Thumb Code     8  stm32h7xx_hal_tim_ex.o(.text.HAL_TIMEx_CommutCallback)
    HAL_TIMEx_MasterConfigSynchronization    0x08009701   Thumb Code   344  stm32h7xx_hal_tim_ex.o(.text.HAL_TIMEx_MasterConfigSynchronization)
    HAL_TIM_Base_Init                        0x08009859   Thumb Code   168  stm32h7xx_hal_tim.o(.text.HAL_TIM_Base_Init)
    HAL_TIM_Base_MspInit                     0x08009901   Thumb Code   298  tim.o(.text.HAL_TIM_Base_MspInit)
    HAL_TIM_ConfigClockSource                0x08009a31   Thumb Code   464  stm32h7xx_hal_tim.o(.text.HAL_TIM_ConfigClockSource)
    HAL_TIM_Encoder_Init                     0x08009c01   Thumb Code   308  stm32h7xx_hal_tim.o(.text.HAL_TIM_Encoder_Init)
    HAL_TIM_Encoder_MspInit                  0x08009d39   Thumb Code   134  tim.o(.text.HAL_TIM_Encoder_MspInit)
    HAL_TIM_IC_CaptureCallback               0x08009dc1   Thumb Code     8  stm32h7xx_hal_tim.o(.text.HAL_TIM_IC_CaptureCallback)
    HAL_TIM_IRQHandler                       0x08009dc9   Thumb Code   692  stm32h7xx_hal_tim.o(.text.HAL_TIM_IRQHandler)
    HAL_TIM_MspPostInit                      0x0800a081   Thumb Code    96  tim.o(.text.HAL_TIM_MspPostInit)
    HAL_TIM_OC_DelayElapsedCallback          0x0800a0e1   Thumb Code     8  stm32h7xx_hal_tim.o(.text.HAL_TIM_OC_DelayElapsedCallback)
    HAL_TIM_PWM_ConfigChannel                0x0800a0e9   Thumb Code   432  stm32h7xx_hal_tim.o(.text.HAL_TIM_PWM_ConfigChannel)
    HAL_TIM_PWM_Init                         0x0800a299   Thumb Code   168  stm32h7xx_hal_tim.o(.text.HAL_TIM_PWM_Init)
    HAL_TIM_PWM_MspInit                      0x0800a341   Thumb Code     8  stm32h7xx_hal_tim.o(.text.HAL_TIM_PWM_MspInit)
    HAL_TIM_PWM_PulseFinishedCallback        0x0800a349   Thumb Code     8  stm32h7xx_hal_tim.o(.text.HAL_TIM_PWM_PulseFinishedCallback)
    HAL_TIM_PeriodElapsedCallback            0x0800a351   Thumb Code   402  28byj48_it.o(.text.HAL_TIM_PeriodElapsedCallback)
    HAL_TIM_TriggerCallback                  0x0800a4e9   Thumb Code     8  stm32h7xx_hal_tim.o(.text.HAL_TIM_TriggerCallback)
    HAL_UARTEx_DisableFifoMode               0x0800a4f1   Thumb Code   124  stm32h7xx_hal_uart_ex.o(.text.HAL_UARTEx_DisableFifoMode)
    HAL_UARTEx_RxEventCallback               0x0800a571   Thumb Code    12  stm32h7xx_hal_uart.o(.text.HAL_UARTEx_RxEventCallback)
    HAL_UARTEx_RxFifoFullCallback            0x0800a581   Thumb Code     8  stm32h7xx_hal_uart_ex.o(.text.HAL_UARTEx_RxFifoFullCallback)
    HAL_UARTEx_SetRxFifoThreshold            0x0800a589   Thumb Code   140  stm32h7xx_hal_uart_ex.o(.text.HAL_UARTEx_SetRxFifoThreshold)
    HAL_UARTEx_SetTxFifoThreshold            0x0800a619   Thumb Code   140  stm32h7xx_hal_uart_ex.o(.text.HAL_UARTEx_SetTxFifoThreshold)
    HAL_UARTEx_TxFifoEmptyCallback           0x0800a6a9   Thumb Code     8  stm32h7xx_hal_uart_ex.o(.text.HAL_UARTEx_TxFifoEmptyCallback)
    HAL_UARTEx_WakeupCallback                0x0800a6b1   Thumb Code     8  stm32h7xx_hal_uart_ex.o(.text.HAL_UARTEx_WakeupCallback)
    HAL_UART_ErrorCallback                   0x0800a6b9   Thumb Code     8  stm32h7xx_hal_uart.o(.text.HAL_UART_ErrorCallback)
    HAL_UART_IRQHandler                      0x0800a6c1   Thumb Code  1736  stm32h7xx_hal_uart.o(.text.HAL_UART_IRQHandler)
    HAL_UART_Init                            0x0800ad89   Thumb Code   170  stm32h7xx_hal_uart.o(.text.HAL_UART_Init)
    HAL_UART_MspInit                         0x0800ae39   Thumb Code   572  usart.o(.text.HAL_UART_MspInit)
    HAL_UART_Receive_DMA                     0x0800b079   Thumb Code   160  stm32h7xx_hal_uart.o(.text.HAL_UART_Receive_DMA)
    HAL_UART_RxCpltCallback                  0x0800b119   Thumb Code   456  28byj48_it.o(.text.HAL_UART_RxCpltCallback)
    HAL_UART_RxHalfCpltCallback              0x0800b2f1   Thumb Code     8  stm32h7xx_hal_uart.o(.text.HAL_UART_RxHalfCpltCallback)
    HAL_UART_TxCpltCallback                  0x0800b2f9   Thumb Code     8  stm32h7xx_hal_uart.o(.text.HAL_UART_TxCpltCallback)
    HardFault_Handler                        0x0800b301   Thumb Code     4  stm32h7xx_it.o(.text.HardFault_Handler)
    MX_ADC3_Init                             0x0800b5e9   Thumb Code   150  adc.o(.text.MX_ADC3_Init)
    MX_DMA_Init                              0x0800b681   Thumb Code    56  dma.o(.text.MX_DMA_Init)
    MX_GPIO_Init                             0x0800b6b9   Thumb Code   662  gpio.o(.text.MX_GPIO_Init)
    MX_I2C1_Init                             0x0800b951   Thumb Code   118  i2c.o(.text.MX_I2C1_Init)
    MX_TIM16_Init                            0x0800b9c9   Thumb Code    62  tim.o(.text.MX_TIM16_Init)
    MX_TIM17_Init                            0x0800ba09   Thumb Code    62  tim.o(.text.MX_TIM17_Init)
    MX_TIM2_Init                             0x0800ba49   Thumb Code   212  tim.o(.text.MX_TIM2_Init)
    MX_TIM3_Init                             0x0800bb21   Thumb Code   132  tim.o(.text.MX_TIM3_Init)
    MX_TIM4_Init                             0x0800bba9   Thumb Code   126  tim.o(.text.MX_TIM4_Init)
    MX_TIM7_Init                             0x0800bc29   Thumb Code    92  tim.o(.text.MX_TIM7_Init)
    MX_USART1_UART_Init                      0x0800bc89   Thumb Code   142  usart.o(.text.MX_USART1_UART_Init)
    MX_USART3_UART_Init                      0x0800bd19   Thumb Code   142  usart.o(.text.MX_USART3_UART_Init)
    MX_USART6_UART_Init                      0x0800bda9   Thumb Code   142  usart.o(.text.MX_USART6_UART_Init)
    MemManage_Handler                        0x0800be39   Thumb Code     4  stm32h7xx_it.o(.text.MemManage_Handler)
    NMI_Handler                              0x0800be41   Thumb Code     4  stm32h7xx_it.o(.text.NMI_Handler)
    OLED_Clear                               0x0800beb9   Thumb Code   100  oled.o(.text.OLED_Clear)
    OLED_DrawPoint                           0x0800bf21   Thumb Code   162  oled.o(.text.OLED_DrawPoint)
    OLED_Init                                0x0800bfc9   Thumb Code   260  oled.o(.text.OLED_Init)
    OLED_Refresh                             0x0800c0d1   Thumb Code   132  oled.o(.text.OLED_Refresh)
    OLED_ShowChar                            0x0800c159   Thumb Code   490  oled.o(.text.OLED_ShowChar)
    OLED_ShowString                          0x0800c349   Thumb Code   148  oled.o(.text.OLED_ShowString)
    OLED_WR_Byte                             0x0800c3e1   Thumb Code   234  oled.o(.text.OLED_WR_Byte)
    PendSV_Handler                           0x0800c4d1   Thumb Code     2  stm32h7xx_it.o(.text.PendSV_Handler)
    SVC_Handler                              0x0800c879   Thumb Code     2  stm32h7xx_it.o(.text.SVC_Handler)
    SysTick_Handler                          0x0800c971   Thumb Code     8  stm32h7xx_it.o(.text.SysTick_Handler)
    SystemClock_Config                       0x0800c979   Thumb Code   344  main.o(.text.SystemClock_Config)
    SystemInit                               0x0800cad1   Thumb Code   352  system_stm32h7xx.o(.text.SystemInit)
    TIM16_IRQHandler                         0x0800cc31   Thumb Code    16  stm32h7xx_it.o(.text.TIM16_IRQHandler)
    TIM17_IRQHandler                         0x0800cc41   Thumb Code    16  stm32h7xx_it.o(.text.TIM17_IRQHandler)
    TIM_Base_SetConfig                       0x0800cc51   Thumb Code   410  stm32h7xx_hal_tim.o(.text.TIM_Base_SetConfig)
    TIM_ETR_SetConfig                        0x0800cdf1   Thumb Code    52  stm32h7xx_hal_tim.o(.text.TIM_ETR_SetConfig)
    TIM_OC2_SetConfig                        0x0800cfa9   Thumb Code   364  stm32h7xx_hal_tim.o(.text.TIM_OC2_SetConfig)
    UART_AdvFeatureConfig                    0x0800d641   Thumb Code   328  stm32h7xx_hal_uart.o(.text.UART_AdvFeatureConfig)
    UART_CheckIdleState                      0x0800d789   Thumb Code   326  stm32h7xx_hal_uart.o(.text.UART_CheckIdleState)
    UART_SetConfig                           0x0800dbf1   Thumb Code  2338  stm32h7xx_hal_uart.o(.text.UART_SetConfig)
    UART_Start_Receive_DMA                   0x0800e519   Thumb Code   302  stm32h7xx_hal_uart.o(.text.UART_Start_Receive_DMA)
    UART_WaitOnFlagUntilTimeout              0x0800e649   Thumb Code   252  stm32h7xx_hal_uart.o(.text.UART_WaitOnFlagUntilTimeout)
    USART1_IRQHandler                        0x0800e749   Thumb Code    16  stm32h7xx_it.o(.text.USART1_IRQHandler)
    USART3_IRQHandler                        0x0800e759   Thumb Code    16  stm32h7xx_it.o(.text.USART3_IRQHandler)
    UsageFault_Handler                       0x0800e769   Thumb Code     4  stm32h7xx_it.o(.text.UsageFault_Handler)
    main                                     0x0800e839   Thumb Code   368  main.o(.text.main)
    __0sprintf                               0x0800e9a9   Thumb Code    34  printfa.o(i.__0sprintf)
    __1sprintf                               0x0800e9a9   Thumb Code     0  printfa.o(i.__0sprintf)
    __2sprintf                               0x0800e9a9   Thumb Code     0  printfa.o(i.__0sprintf)
    __c89sprintf                             0x0800e9a9   Thumb Code     0  printfa.o(i.__0sprintf)
    sprintf                                  0x0800e9a9   Thumb Code     0  printfa.o(i.__0sprintf)
    __scatterload_copy                       0x0800e9d1   Thumb Code    14  handlers.o(i.__scatterload_copy)
    __scatterload_null                       0x0800e9df   Thumb Code     2  handlers.o(i.__scatterload_null)
    __scatterload_zeroinit                   0x0800e9e1   Thumb Code    14  handlers.o(i.__scatterload_zeroinit)
    D1CorePrescTable                         0x0800f2ac   Data          16  system_stm32h7xx.o(.rodata.D1CorePrescTable)
    UARTPrescTable                           0x0800f2d4   Data          24  stm32h7xx_hal_uart.o(.rodata.UARTPrescTable)
    asc2_0806                                0x0800f2ec   Data         552  oled.o(.rodata.asc2_0806)
    asc2_1206                                0x0800f514   Data        1140  oled.o(.rodata.asc2_1206)
    asc2_1608                                0x0800f988   Data        1520  oled.o(.rodata.asc2_1608)
    asc2_2412                                0x0800ff78   Data        3420  oled.o(.rodata.asc2_2412)
    Region$$Table$$Base                      0x08010d1c   Number         0  anon$$obj.o(Region$$Table)
    Region$$Table$$Limit                     0x08010d3c   Number         0  anon$$obj.o(Region$$Table)
    SystemCoreClock                          0x24000000   Data           4  system_stm32h7xx.o(.data.SystemCoreClock)
    SystemD2Clock                            0x24000004   Data           4  system_stm32h7xx.o(.data.SystemD2Clock)
    uwTickFreq                               0x24000008   Data           1  stm32h7xx_hal.o(.data.uwTickFreq)
    uwTickPrio                               0x2400000c   Data           4  stm32h7xx_hal.o(.data.uwTickPrio)
    OLED_GRAM                                0x24000014   Data        1152  oled.o(.bss.OLED_GRAM)
    hadc3                                    0x24000494   Data         100  adc.o(.bss.hadc3)
    hdma_usart3_rx                           0x240004f8   Data         120  usart.o(.bss.hdma_usart3_rx)
    hi2c1                                    0x24000570   Data          84  i2c.o(.bss.hi2c1)
    htim16                                   0x240005c4   Data          76  tim.o(.bss.htim16)
    htim17                                   0x24000610   Data          76  tim.o(.bss.htim17)
    htim2                                    0x2400065c   Data          76  tim.o(.bss.htim2)
    htim3                                    0x240006a8   Data          76  tim.o(.bss.htim3)
    htim4                                    0x240006f4   Data          76  tim.o(.bss.htim4)
    htim7                                    0x24000740   Data          76  tim.o(.bss.htim7)
    huart1                                   0x2400078c   Data         148  usart.o(.bss.huart1)
    huart3                                   0x24000820   Data         148  usart.o(.bss.huart3)
    huart6                                   0x240008b4   Data         148  usart.o(.bss.huart6)
    msg_vector                               0x24000948   Data           5  28byj48_it.o(.bss.msg_vector)
    uwTick                                   0x24000958   Data           4  stm32h7xx_hal.o(.bss.uwTick)
    vectorX                                  0x2400095c   Data           2  28byj48_it.o(.bss.vectorX)
    vectorY                                  0x2400095e   Data           2  28byj48_it.o(.bss.vectorY)
    __initial_sp                             0x24007d60   Data           0  startup_stm32h743xx.o(STACK)



==============================================================================

Memory Map of the image

  Image Entry point : 0x08000299

  Load Region LR_IROM1 (Base: 0x08000000, Size: 0x00010d50, Max: 0x00200000, ABSOLUTE)

    Execution Region ER_IROM1 (Exec base: 0x08000000, Load base: 0x08000000, Size: 0x00010d3c, Max: 0x00200000, ABSOLUTE)

    Exec Addr    Load Addr    Size         Type   Attr      Idx    E Section Name        Object

    0x08000000   0x08000000   0x00000298   Data   RO            3    RESET               startup_stm32h743xx.o
    0x08000298   0x08000298   0x00000000   Code   RO         1988  * .ARM.Collect$$$$00000000  mc_w.l(entry.o)
    0x08000298   0x08000298   0x00000004   Code   RO         2023    .ARM.Collect$$$$00000001  mc_w.l(entry2.o)
    0x0800029c   0x0800029c   0x00000004   Code   RO         2026    .ARM.Collect$$$$00000004  mc_w.l(entry5.o)
    0x080002a0   0x080002a0   0x00000000   Code   RO         2028    .ARM.Collect$$$$00000008  mc_w.l(entry7b.o)
    0x080002a0   0x080002a0   0x00000000   Code   RO         2030    .ARM.Collect$$$$0000000A  mc_w.l(entry8b.o)
    0x080002a0   0x080002a0   0x00000008   Code   RO         2031    .ARM.Collect$$$$0000000B  mc_w.l(entry9a.o)
    0x080002a8   0x080002a8   0x00000000   Code   RO         2033    .ARM.Collect$$$$0000000D  mc_w.l(entry10a.o)
    0x080002a8   0x080002a8   0x00000000   Code   RO         2035    .ARM.Collect$$$$0000000F  mc_w.l(entry11a.o)
    0x080002a8   0x080002a8   0x00000004   Code   RO         2024    .ARM.Collect$$$$00002712  mc_w.l(entry2.o)
    0x080002ac   0x080002ac   0x00000024   Code   RO            4    .text               startup_stm32h743xx.o
    0x080002d0   0x080002d0   0x00000062   Code   RO         1991    .text               mc_w.l(uldiv.o)
    0x08000332   0x08000332   0x00000024   Code   RO         1993    .text               mc_w.l(memseta.o)
    0x08000356   0x08000356   0x0000002c   Code   RO         2047    .text               mc_w.l(uidiv.o)
    0x08000382   0x08000382   0x0000001e   Code   RO         2049    .text               mc_w.l(llshl.o)
    0x080003a0   0x080003a0   0x00000020   Code   RO         2051    .text               mc_w.l(llushr.o)
    0x080003c0   0x080003c0   0x00000000   Code   RO         2053    .text               mc_w.l(iusefp.o)
    0x080003c0   0x080003c0   0x0000014e   Code   RO         2054    .text               mf_w.l(dadd.o)
    0x0800050e   0x0800050e   0x000000e4   Code   RO         2056    .text               mf_w.l(dmul.o)
    0x080005f2   0x080005f2   0x000000de   Code   RO         2058    .text               mf_w.l(ddiv.o)
    0x080006d0   0x080006d0   0x00000030   Code   RO         2060    .text               mf_w.l(dfixul.o)
    0x08000700   0x08000700   0x00000030   Code   RO         2062    .text               mf_w.l(cdrcmple.o)
    0x08000730   0x08000730   0x00000030   Code   RO         2064    .text               mc_w.l(init.o)
    0x08000760   0x08000760   0x00000024   Code   RO         2066    .text               mc_w.l(llsshr.o)
    0x08000784   0x08000784   0x000000ba   Code   RO         2068    .text               mf_w.l(depilogue.o)
    0x0800083e   0x0800083e   0x00000002   PAD
    0x08000840   0x08000840   0x00000218   Code   RO          311    .text.ADC_ConfigureBoostMode  stm32h7xx_hal_adc.o
    0x08000a58   0x08000a58   0x00000004   Code   RO          144    .text.BusFault_Handler  stm32h7xx_it.o
    0x08000a5c   0x08000a5c   0x00000004   PAD
    0x08000a60   0x08000a60   0x00000010   Code   RO          156    .text.DMA1_Stream0_IRQHandler  stm32h7xx_it.o
    0x08000a70   0x08000a70   0x000001ca   Code   RO          802    .text.DMA_CalcBaseAndBitshift  stm32h7xx_hal_dma.o
    0x08000c3a   0x08000c3a   0x00000006   PAD
    0x08000c40   0x08000c40   0x00000178   Code   RO          804    .text.DMA_CalcDMAMUXChannelBaseAndMask  stm32h7xx_hal_dma.o
    0x08000db8   0x08000db8   0x0000012a   Code   RO          806    .text.DMA_CalcDMAMUXRequestGenBaseAndMask  stm32h7xx_hal_dma.o
    0x08000ee2   0x08000ee2   0x00000006   PAD
    0x08000ee8   0x08000ee8   0x000000f0   Code   RO          800    .text.DMA_CheckFifoParam  stm32h7xx_hal_dma.o
    0x08000fd8   0x08000fd8   0x00000514   Code   RO          812    .text.DMA_SetConfig  stm32h7xx_hal_dma.o
    0x080014ec   0x080014ec   0x00000004   PAD
    0x080014f0   0x080014f0   0x00000002   Code   RO          150    .text.DebugMon_Handler  stm32h7xx_it.o
    0x080014f2   0x080014f2   0x00000006   PAD
    0x080014f8   0x080014f8   0x00000006   Code   RO           17    .text.Error_Handler  main.o
    0x080014fe   0x080014fe   0x00000002   PAD
    0x08001500   0x08001500   0x0000077c   Code   RO          369    .text.HAL_ADC_ConfigChannel  stm32h7xx_hal_adc.o
    0x08001c7c   0x08001c7c   0x00000004   PAD
    0x08001c80   0x08001c80   0x000003c8   Code   RO          291    .text.HAL_ADC_Init  stm32h7xx_hal_adc.o
    0x08002048   0x08002048   0x000000aa   Code   RO           38    .text.HAL_ADC_MspInit  adc.o
    0x080020f2   0x080020f2   0x00000006   PAD
    0x080020f8   0x080020f8   0x00000978   Code   RO          816    .text.HAL_DMA_Abort  stm32h7xx_hal_dma.o
    0x08002a70   0x08002a70   0x000006aa   Code   RO          818    .text.HAL_DMA_Abort_IT  stm32h7xx_hal_dma.o
    0x0800311a   0x0800311a   0x00000006   PAD
    0x08003120   0x08003120   0x000011c0   Code   RO          822    .text.HAL_DMA_IRQHandler  stm32h7xx_hal_dma.o
    0x080042e0   0x080042e0   0x00000962   Code   RO          798    .text.HAL_DMA_Init  stm32h7xx_hal_dma.o
    0x08004c42   0x08004c42   0x00000006   PAD
    0x08004c48   0x08004c48   0x00000702   Code   RO          814    .text.HAL_DMA_Start_IT  stm32h7xx_hal_dma.o
    0x0800534a   0x0800534a   0x00000006   PAD
    0x08005350   0x08005350   0x00000042   Code   RO         1135    .text.HAL_Delay     stm32h7xx_hal.o
    0x08005392   0x08005392   0x00000006   PAD
    0x08005398   0x08005398   0x000003c4   Code   RO          746    .text.HAL_GPIO_Init  stm32h7xx_hal_gpio.o
    0x0800575c   0x0800575c   0x00000004   PAD
    0x08005760   0x08005760   0x0000002e   Code   RO          752    .text.HAL_GPIO_WritePin  stm32h7xx_hal_gpio.o
    0x0800578e   0x0800578e   0x00000002   PAD
    0x08005790   0x08005790   0x0000000e   Code   RO         1143    .text.HAL_GetREVID  stm32h7xx_hal.o
    0x0800579e   0x0800579e   0x00000002   PAD
    0x080057a0   0x080057a0   0x0000000c   Code   RO         1127    .text.HAL_GetTick   stm32h7xx_hal.o
    0x080057ac   0x080057ac   0x00000004   PAD
    0x080057b0   0x080057b0   0x00000098   Code   RO         1390    .text.HAL_I2CEx_ConfigAnalogFilter  stm32h7xx_hal_i2c_ex.o
    0x08005848   0x08005848   0x000000a2   Code   RO         1392    .text.HAL_I2CEx_ConfigDigitalFilter  stm32h7xx_hal_i2c_ex.o
    0x080058ea   0x080058ea   0x00000006   PAD
    0x080058f0   0x080058f0   0x00000104   Code   RO         1221    .text.HAL_I2C_Init  stm32h7xx_hal_i2c.o
    0x080059f4   0x080059f4   0x00000004   PAD
    0x080059f8   0x080059f8   0x000000a8   Code   RO           60    .text.HAL_I2C_MspInit  i2c.o
    0x08005aa0   0x08005aa0   0x0000001a   Code   RO         1125    .text.HAL_IncTick   stm32h7xx_hal.o
    0x08005aba   0x08005aba   0x00000006   PAD
    0x08005ac0   0x08005ac0   0x0000007a   Code   RO         1115    .text.HAL_Init      stm32h7xx_hal.o
    0x08005b3a   0x08005b3a   0x00000006   PAD
    0x08005b40   0x08005b40   0x00000086   Code   RO         1117    .text.HAL_InitTick  stm32h7xx_hal.o
    0x08005bc6   0x08005bc6   0x00000002   PAD
    0x08005bc8   0x08005bc8   0x0000009e   Code   RO         1074    .text.HAL_MPU_ConfigRegion  stm32h7xx_hal_cortex.o
    0x08005c66   0x08005c66   0x00000002   PAD
    0x08005c68   0x08005c68   0x00000022   Code   RO         1070    .text.HAL_MPU_Disable  stm32h7xx_hal_cortex.o
    0x08005c8a   0x08005c8a   0x00000006   PAD
    0x08005c90   0x08005c90   0x00000030   Code   RO         1072    .text.HAL_MPU_Enable  stm32h7xx_hal_cortex.o
    0x08005cc0   0x08005cc0   0x00000024   Code   RO          173    .text.HAL_MspInit   stm32h7xx_hal_msp.o
    0x08005ce4   0x08005ce4   0x00000004   PAD
    0x08005ce8   0x08005ce8   0x00000014   Code   RO         1054    .text.HAL_NVIC_EnableIRQ  stm32h7xx_hal_cortex.o
    0x08005cfc   0x08005cfc   0x00000004   PAD
    0x08005d00   0x08005d00   0x0000002e   Code   RO         1046    .text.HAL_NVIC_SetPriority  stm32h7xx_hal_cortex.o
    0x08005d2e   0x08005d2e   0x00000002   PAD
    0x08005d30   0x08005d30   0x00000010   Code   RO         1042    .text.HAL_NVIC_SetPriorityGrouping  stm32h7xx_hal_cortex.o
    0x08005d40   0x08005d40   0x000000a2   Code   RO          955    .text.HAL_PWREx_ConfigSupply  stm32h7xx_hal_pwr_ex.o
    0x08005de2   0x08005de2   0x00000006   PAD
    0x08005de8   0x08005de8   0x00000026   Code   RO          600    .text.HAL_RCCEx_GetD3PCLK1Freq  stm32h7xx_hal_rcc_ex.o
    0x08005e0e   0x08005e0e   0x00000002   PAD
    0x08005e10   0x08005e10   0x000002ac   Code   RO          594    .text.HAL_RCCEx_GetPLL1ClockFreq  stm32h7xx_hal_rcc_ex.o
    0x080060bc   0x080060bc   0x00000004   PAD
    0x080060c0   0x080060c0   0x000002ac   Code   RO          596    .text.HAL_RCCEx_GetPLL2ClockFreq  stm32h7xx_hal_rcc_ex.o
    0x0800636c   0x0800636c   0x00000004   PAD
    0x08006370   0x08006370   0x000002ac   Code   RO          598    .text.HAL_RCCEx_GetPLL3ClockFreq  stm32h7xx_hal_rcc_ex.o
    0x0800661c   0x0800661c   0x00000004   PAD
    0x08006620   0x08006620   0x00000c4a   Code   RO          592    .text.HAL_RCCEx_GetPeriphCLKFreq  stm32h7xx_hal_rcc_ex.o
    0x0800726a   0x0800726a   0x00000006   PAD
    0x08007270   0x08007270   0x000010a0   Code   RO          584    .text.HAL_RCCEx_PeriphCLKConfig  stm32h7xx_hal_rcc_ex.o
    0x08008310   0x08008310   0x00000498   Code   RO          553    .text.HAL_RCC_ClockConfig  stm32h7xx_hal_rcc.o
    0x080087a8   0x080087a8   0x00000056   Code   RO          563    .text.HAL_RCC_GetHCLKFreq  stm32h7xx_hal_rcc.o
    0x080087fe   0x080087fe   0x00000002   PAD
    0x08008800   0x08008800   0x00000026   Code   RO          565    .text.HAL_RCC_GetPCLK1Freq  stm32h7xx_hal_rcc.o
    0x08008826   0x08008826   0x00000002   PAD
    0x08008828   0x08008828   0x00000026   Code   RO          567    .text.HAL_RCC_GetPCLK2Freq  stm32h7xx_hal_rcc.o
    0x0800884e   0x0800884e   0x00000002   PAD
    0x08008850   0x08008850   0x00000310   Code   RO          555    .text.HAL_RCC_GetSysClockFreq  stm32h7xx_hal_rcc.o
    0x08008b60   0x08008b60   0x00000b58   Code   RO          551    .text.HAL_RCC_OscConfig  stm32h7xx_hal_rcc.o
    0x080096b8   0x080096b8   0x0000001e   Code   RO         1165    .text.HAL_SYSCFG_AnalogSwitchConfig  stm32h7xx_hal.o
    0x080096d6   0x080096d6   0x00000002   PAD
    0x080096d8   0x080096d8   0x00000010   Code   RO         1066    .text.HAL_SYSTICK_Config  stm32h7xx_hal_cortex.o
    0x080096e8   0x080096e8   0x00000008   Code   RO         1769    .text.HAL_TIMEx_Break2Callback  stm32h7xx_hal_tim_ex.o
    0x080096f0   0x080096f0   0x00000008   Code   RO         1767    .text.HAL_TIMEx_BreakCallback  stm32h7xx_hal_tim_ex.o
    0x080096f8   0x080096f8   0x00000008   Code   RO         1763    .text.HAL_TIMEx_CommutCallback  stm32h7xx_hal_tim_ex.o
    0x08009700   0x08009700   0x00000158   Code   RO         1751    .text.HAL_TIMEx_MasterConfigSynchronization  stm32h7xx_hal_tim_ex.o
    0x08009858   0x08009858   0x000000a8   Code   RO         1434    .text.HAL_TIM_Base_Init  stm32h7xx_hal_tim.o
    0x08009900   0x08009900   0x0000012a   Code   RO           86    .text.HAL_TIM_Base_MspInit  tim.o
    0x08009a2a   0x08009a2a   0x00000006   PAD
    0x08009a30   0x08009a30   0x000001d0   Code   RO         1630    .text.HAL_TIM_ConfigClockSource  stm32h7xx_hal_tim.o
    0x08009c00   0x08009c00   0x00000134   Code   RO         1548    .text.HAL_TIM_Encoder_Init  stm32h7xx_hal_tim.o
    0x08009d34   0x08009d34   0x00000004   PAD
    0x08009d38   0x08009d38   0x00000086   Code   RO           88    .text.HAL_TIM_Encoder_MspInit  tim.o
    0x08009dbe   0x08009dbe   0x00000002   PAD
    0x08009dc0   0x08009dc0   0x00000008   Code   RO         1570    .text.HAL_TIM_IC_CaptureCallback  stm32h7xx_hal_tim.o
    0x08009dc8   0x08009dc8   0x000002b4   Code   RO         1568    .text.HAL_TIM_IRQHandler  stm32h7xx_hal_tim.o
    0x0800a07c   0x0800a07c   0x00000004   PAD
    0x0800a080   0x0800a080   0x00000060   Code   RO           74    .text.HAL_TIM_MspPostInit  tim.o
    0x0800a0e0   0x0800a0e0   0x00000008   Code   RO         1572    .text.HAL_TIM_OC_DelayElapsedCallback  stm32h7xx_hal_tim.o
    0x0800a0e8   0x0800a0e8   0x000001b0   Code   RO         1604    .text.HAL_TIM_PWM_ConfigChannel  stm32h7xx_hal_tim.o
    0x0800a298   0x0800a298   0x000000a8   Code   RO         1488    .text.HAL_TIM_PWM_Init  stm32h7xx_hal_tim.o
    0x0800a340   0x0800a340   0x00000008   Code   RO         1490    .text.HAL_TIM_PWM_MspInit  stm32h7xx_hal_tim.o
    0x0800a348   0x0800a348   0x00000008   Code   RO         1574    .text.HAL_TIM_PWM_PulseFinishedCallback  stm32h7xx_hal_tim.o
    0x0800a350   0x0800a350   0x00000192   Code   RO          207    .text.HAL_TIM_PeriodElapsedCallback  28byj48_it.o
    0x0800a4e2   0x0800a4e2   0x00000006   PAD
    0x0800a4e8   0x0800a4e8   0x00000008   Code   RO         1578    .text.HAL_TIM_TriggerCallback  stm32h7xx_hal_tim.o
    0x0800a4f0   0x0800a4f0   0x0000007c   Code   RO         1952    .text.HAL_UARTEx_DisableFifoMode  stm32h7xx_hal_uart_ex.o
    0x0800a56c   0x0800a56c   0x00000004   PAD
    0x0800a570   0x0800a570   0x0000000c   Code   RO         1876    .text.HAL_UARTEx_RxEventCallback  stm32h7xx_hal_uart.o
    0x0800a57c   0x0800a57c   0x00000004   PAD
    0x0800a580   0x0800a580   0x00000008   Code   RO         1934    .text.HAL_UARTEx_RxFifoFullCallback  stm32h7xx_hal_uart_ex.o
    0x0800a588   0x0800a588   0x0000008c   Code   RO         1956    .text.HAL_UARTEx_SetRxFifoThreshold  stm32h7xx_hal_uart_ex.o
    0x0800a614   0x0800a614   0x00000004   PAD
    0x0800a618   0x0800a618   0x0000008c   Code   RO         1954    .text.HAL_UARTEx_SetTxFifoThreshold  stm32h7xx_hal_uart_ex.o
    0x0800a6a4   0x0800a6a4   0x00000004   PAD
    0x0800a6a8   0x0800a6a8   0x00000008   Code   RO         1936    .text.HAL_UARTEx_TxFifoEmptyCallback  stm32h7xx_hal_uart_ex.o
    0x0800a6b0   0x0800a6b0   0x00000008   Code   RO         1932    .text.HAL_UARTEx_WakeupCallback  stm32h7xx_hal_uart_ex.o
    0x0800a6b8   0x0800a6b8   0x00000008   Code   RO         1874    .text.HAL_UART_ErrorCallback  stm32h7xx_hal_uart.o
    0x0800a6c0   0x0800a6c0   0x000006c8   Code   RO         1870    .text.HAL_UART_IRQHandler  stm32h7xx_hal_uart.o
    0x0800ad88   0x0800ad88   0x000000aa   Code   RO         1782    .text.HAL_UART_Init  stm32h7xx_hal_uart.o
    0x0800ae32   0x0800ae32   0x00000006   PAD
    0x0800ae38   0x0800ae38   0x0000023c   Code   RO          117    .text.HAL_UART_MspInit  usart.o
    0x0800b074   0x0800b074   0x00000004   PAD
    0x0800b078   0x0800b078   0x000000a0   Code   RO         1830    .text.HAL_UART_Receive_DMA  stm32h7xx_hal_uart.o
    0x0800b118   0x0800b118   0x000001d8   Code   RO          205    .text.HAL_UART_RxCpltCallback  28byj48_it.o
    0x0800b2f0   0x0800b2f0   0x00000008   Code   RO         1886    .text.HAL_UART_RxHalfCpltCallback  stm32h7xx_hal_uart.o
    0x0800b2f8   0x0800b2f8   0x00000008   Code   RO         1880    .text.HAL_UART_TxCpltCallback  stm32h7xx_hal_uart.o
    0x0800b300   0x0800b300   0x00000004   Code   RO          140    .text.HardFault_Handler  stm32h7xx_it.o
    0x0800b304   0x0800b304   0x00000004   PAD
    0x0800b308   0x0800b308   0x00000018   Code   RO          297    .text.LL_ADC_DisableDeepPowerDown  stm32h7xx_hal_adc.o
    0x0800b320   0x0800b320   0x0000001e   Code   RO          301    .text.LL_ADC_EnableInternalRegulator  stm32h7xx_hal_adc.o
    0x0800b33e   0x0800b33e   0x00000002   PAD
    0x0800b340   0x0800b340   0x00000010   Code   RO          383    .text.LL_ADC_GetCommonPathInternalCh  stm32h7xx_hal_adc.o
    0x0800b350   0x0800b350   0x00000010   Code   RO          309    .text.LL_ADC_INJ_IsConversionOngoing  stm32h7xx_hal_adc.o
    0x0800b360   0x0800b360   0x00000010   Code   RO          295    .text.LL_ADC_IsDeepPowerDownEnabled  stm32h7xx_hal_adc.o
    0x0800b370   0x0800b370   0x00000010   Code   RO          305    .text.LL_ADC_IsEnabled  stm32h7xx_hal_adc.o
    0x0800b380   0x0800b380   0x00000010   Code   RO          299    .text.LL_ADC_IsInternalRegulatorEnabled  stm32h7xx_hal_adc.o
    0x0800b390   0x0800b390   0x00000010   Code   RO          303    .text.LL_ADC_REG_IsConversionOngoing  stm32h7xx_hal_adc.o
    0x0800b3a0   0x0800b3a0   0x0000003a   Code   RO          371    .text.LL_ADC_REG_SetSequencerRanks  stm32h7xx_hal_adc.o
    0x0800b3da   0x0800b3da   0x00000006   PAD
    0x0800b3e0   0x0800b3e0   0x00000036   Code   RO          373    .text.LL_ADC_SetChannelSamplingTime  stm32h7xx_hal_adc.o
    0x0800b416   0x0800b416   0x00000002   PAD
    0x0800b418   0x0800b418   0x00000034   Code   RO          381    .text.LL_ADC_SetChannelSingleDiff  stm32h7xx_hal_adc.o
    0x0800b44c   0x0800b44c   0x00000004   PAD
    0x0800b450   0x0800b450   0x0000001a   Code   RO          307    .text.LL_ADC_SetCommonClock  stm32h7xx_hal_adc.o
    0x0800b46a   0x0800b46a   0x00000006   PAD
    0x0800b470   0x0800b470   0x0000001a   Code   RO          385    .text.LL_ADC_SetCommonPathInternalCh  stm32h7xx_hal_adc.o
    0x0800b48a   0x0800b48a   0x00000006   PAD
    0x0800b490   0x0800b490   0x00000024   Code   RO          379    .text.LL_ADC_SetDataRightShift  stm32h7xx_hal_adc.o
    0x0800b4b4   0x0800b4b4   0x00000004   PAD
    0x0800b4b8   0x0800b4b8   0x00000032   Code   RO          375    .text.LL_ADC_SetOffset  stm32h7xx_hal_adc.o
    0x0800b4ea   0x0800b4ea   0x00000006   PAD
    0x0800b4f0   0x0800b4f0   0x00000028   Code   RO          377    .text.LL_ADC_SetOffsetSignedSaturation  stm32h7xx_hal_adc.o
    0x0800b518   0x0800b518   0x000000ca   Code   RO           13    .text.MPU_Config    main.o
    0x0800b5e2   0x0800b5e2   0x00000006   PAD
    0x0800b5e8   0x0800b5e8   0x00000096   Code   RO           36    .text.MX_ADC3_Init  adc.o
    0x0800b67e   0x0800b67e   0x00000002   PAD
    0x0800b680   0x0800b680   0x00000038   Code   RO           50    .text.MX_DMA_Init   dma.o
    0x0800b6b8   0x0800b6b8   0x00000296   Code   RO           28    .text.MX_GPIO_Init  gpio.o
    0x0800b94e   0x0800b94e   0x00000002   PAD
    0x0800b950   0x0800b950   0x00000076   Code   RO           58    .text.MX_I2C1_Init  i2c.o
    0x0800b9c6   0x0800b9c6   0x00000002   PAD
    0x0800b9c8   0x0800b9c8   0x0000003e   Code   RO           82    .text.MX_TIM16_Init  tim.o
    0x0800ba06   0x0800ba06   0x00000002   PAD
    0x0800ba08   0x0800ba08   0x0000003e   Code   RO           84    .text.MX_TIM17_Init  tim.o
    0x0800ba46   0x0800ba46   0x00000002   PAD
    0x0800ba48   0x0800ba48   0x000000d4   Code   RO           72    .text.MX_TIM2_Init  tim.o
    0x0800bb1c   0x0800bb1c   0x00000004   PAD
    0x0800bb20   0x0800bb20   0x00000084   Code   RO           76    .text.MX_TIM3_Init  tim.o
    0x0800bba4   0x0800bba4   0x00000004   PAD
    0x0800bba8   0x0800bba8   0x0000007e   Code   RO           78    .text.MX_TIM4_Init  tim.o
    0x0800bc26   0x0800bc26   0x00000002   PAD
    0x0800bc28   0x0800bc28   0x0000005c   Code   RO           80    .text.MX_TIM7_Init  tim.o
    0x0800bc84   0x0800bc84   0x00000004   PAD
    0x0800bc88   0x0800bc88   0x0000008e   Code   RO          111    .text.MX_USART1_UART_Init  usart.o
    0x0800bd16   0x0800bd16   0x00000002   PAD
    0x0800bd18   0x0800bd18   0x0000008e   Code   RO          113    .text.MX_USART3_UART_Init  usart.o
    0x0800bda6   0x0800bda6   0x00000002   PAD
    0x0800bda8   0x0800bda8   0x0000008e   Code   RO          115    .text.MX_USART6_UART_Init  usart.o
    0x0800be36   0x0800be36   0x00000002   PAD
    0x0800be38   0x0800be38   0x00000004   Code   RO          142    .text.MemManage_Handler  stm32h7xx_it.o
    0x0800be3c   0x0800be3c   0x00000004   PAD
    0x0800be40   0x0800be40   0x00000004   Code   RO          138    .text.NMI_Handler   stm32h7xx_it.o
    0x0800be44   0x0800be44   0x00000004   PAD
    0x0800be48   0x0800be48   0x0000006c   Code   RO         1052    .text.NVIC_EncodePriority  stm32h7xx_hal_cortex.o
    0x0800beb4   0x0800beb4   0x00000004   PAD
    0x0800beb8   0x0800beb8   0x00000064   Code   RO          249    .text.OLED_Clear    oled.o
    0x0800bf1c   0x0800bf1c   0x00000004   PAD
    0x0800bf20   0x0800bf20   0x000000a2   Code   RO          253    .text.OLED_DrawPoint  oled.o
    0x0800bfc2   0x0800bfc2   0x00000006   PAD
    0x0800bfc8   0x0800bfc8   0x00000104   Code   RO          275    .text.OLED_Init     oled.o
    0x0800c0cc   0x0800c0cc   0x00000004   PAD
    0x0800c0d0   0x0800c0d0   0x00000084   Code   RO          247    .text.OLED_Refresh  oled.o
    0x0800c154   0x0800c154   0x00000004   PAD
    0x0800c158   0x0800c158   0x000001ea   Code   RO          261    .text.OLED_ShowChar  oled.o
    0x0800c342   0x0800c342   0x00000006   PAD
    0x0800c348   0x0800c348   0x00000094   Code   RO          263    .text.OLED_ShowString  oled.o
    0x0800c3dc   0x0800c3dc   0x00000004   PAD
    0x0800c3e0   0x0800c3e0   0x000000ea   Code   RO          239    .text.OLED_WR_Byte  oled.o
    0x0800c4ca   0x0800c4ca   0x00000006   PAD
    0x0800c4d0   0x0800c4d0   0x00000002   Code   RO          152    .text.PendSV_Handler  stm32h7xx_it.o
    0x0800c4d2   0x0800c4d2   0x00000006   PAD
    0x0800c4d8   0x0800c4d8   0x000001ca   Code   RO          586    .text.RCCEx_PLL2_Config  stm32h7xx_hal_rcc_ex.o
    0x0800c6a2   0x0800c6a2   0x00000006   PAD
    0x0800c6a8   0x0800c6a8   0x000001ca   Code   RO          588    .text.RCCEx_PLL3_Config  stm32h7xx_hal_rcc_ex.o
    0x0800c872   0x0800c872   0x00000006   PAD
    0x0800c878   0x0800c878   0x00000002   Code   RO          148    .text.SVC_Handler   stm32h7xx_it.o
    0x0800c87a   0x0800c87a   0x00000006   PAD
    0x0800c880   0x0800c880   0x00000048   Code   RO          209    .text.StepMotor_WritePins_X  28byj48_it.o
    0x0800c8c8   0x0800c8c8   0x0000004a   Code   RO          211    .text.StepMotor_WritePins_Y  28byj48_it.o
    0x0800c912   0x0800c912   0x00000006   PAD
    0x0800c918   0x0800c918   0x00000052   Code   RO         1068    .text.SysTick_Config  stm32h7xx_hal_cortex.o
    0x0800c96a   0x0800c96a   0x00000006   PAD
    0x0800c970   0x0800c970   0x00000008   Code   RO          154    .text.SysTick_Handler  stm32h7xx_it.o
    0x0800c978   0x0800c978   0x00000158   Code   RO           15    .text.SystemClock_Config  main.o
    0x0800cad0   0x0800cad0   0x00000160   Code   RO         1975    .text.SystemInit    system_stm32h7xx.o
    0x0800cc30   0x0800cc30   0x00000010   Code   RO          162    .text.TIM16_IRQHandler  stm32h7xx_it.o
    0x0800cc40   0x0800cc40   0x00000010   Code   RO          164    .text.TIM17_IRQHandler  stm32h7xx_it.o
    0x0800cc50   0x0800cc50   0x0000019a   Code   RO         1438    .text.TIM_Base_SetConfig  stm32h7xx_hal_tim.o
    0x0800cdea   0x0800cdea   0x00000006   PAD
    0x0800cdf0   0x0800cdf0   0x00000034   Code   RO         1628    .text.TIM_ETR_SetConfig  stm32h7xx_hal_tim.o
    0x0800ce24   0x0800ce24   0x00000004   PAD
    0x0800ce28   0x0800ce28   0x00000030   Code   RO         1634    .text.TIM_ITRx_SetConfig  stm32h7xx_hal_tim.o
    0x0800ce58   0x0800ce58   0x00000150   Code   RO         1582    .text.TIM_OC1_SetConfig  stm32h7xx_hal_tim.o
    0x0800cfa8   0x0800cfa8   0x0000016c   Code   RO         1584    .text.TIM_OC2_SetConfig  stm32h7xx_hal_tim.o
    0x0800d114   0x0800d114   0x00000004   PAD
    0x0800d118   0x0800d118   0x0000016a   Code   RO         1586    .text.TIM_OC3_SetConfig  stm32h7xx_hal_tim.o
    0x0800d282   0x0800d282   0x00000006   PAD
    0x0800d288   0x0800d288   0x000000da   Code   RO         1588    .text.TIM_OC4_SetConfig  stm32h7xx_hal_tim.o
    0x0800d362   0x0800d362   0x00000006   PAD
    0x0800d368   0x0800d368   0x000000d0   Code   RO         1590    .text.TIM_OC5_SetConfig  stm32h7xx_hal_tim.o
    0x0800d438   0x0800d438   0x000000d2   Code   RO         1592    .text.TIM_OC6_SetConfig  stm32h7xx_hal_tim.o
    0x0800d50a   0x0800d50a   0x00000006   PAD
    0x0800d510   0x0800d510   0x00000050   Code   RO         1632    .text.TIM_TI1_ConfigInputStage  stm32h7xx_hal_tim.o
    0x0800d560   0x0800d560   0x00000052   Code   RO         1636    .text.TIM_TI2_ConfigInputStage  stm32h7xx_hal_tim.o
    0x0800d5b2   0x0800d5b2   0x00000006   PAD
    0x0800d5b8   0x0800d5b8   0x00000086   Code   RO         1950    .text.UARTEx_SetNbDataToProcess  stm32h7xx_hal_uart_ex.o
    0x0800d63e   0x0800d63e   0x00000002   PAD
    0x0800d640   0x0800d640   0x00000148   Code   RO         1788    .text.UART_AdvFeatureConfig  stm32h7xx_hal_uart.o
    0x0800d788   0x0800d788   0x00000146   Code   RO         1790    .text.UART_CheckIdleState  stm32h7xx_hal_uart.o
    0x0800d8ce   0x0800d8ce   0x00000002   PAD
    0x0800d8d0   0x0800d8d0   0x00000024   Code   RO         1872    .text.UART_DMAAbortOnError  stm32h7xx_hal_uart.o
    0x0800d8f4   0x0800d8f4   0x00000004   PAD
    0x0800d8f8   0x0800d8f8   0x00000080   Code   RO         1828    .text.UART_DMAError  stm32h7xx_hal_uart.o
    0x0800d978   0x0800d978   0x000000f6   Code   RO         1918    .text.UART_DMAReceiveCplt  stm32h7xx_hal_uart.o
    0x0800da6e   0x0800da6e   0x00000002   PAD
    0x0800da70   0x0800da70   0x00000036   Code   RO         1920    .text.UART_DMARxHalfCplt  stm32h7xx_hal_uart.o
    0x0800daa6   0x0800daa6   0x00000002   PAD
    0x0800daa8   0x0800daa8   0x0000009e   Code   RO         1842    .text.UART_EndRxTransfer  stm32h7xx_hal_uart.o
    0x0800db46   0x0800db46   0x00000002   PAD
    0x0800db48   0x0800db48   0x00000044   Code   RO         1878    .text.UART_EndTransmit_IT  stm32h7xx_hal_uart.o
    0x0800db8c   0x0800db8c   0x00000004   PAD
    0x0800db90   0x0800db90   0x0000005c   Code   RO         1840    .text.UART_EndTxTransfer  stm32h7xx_hal_uart.o
    0x0800dbec   0x0800dbec   0x00000004   PAD
    0x0800dbf0   0x0800dbf0   0x00000922   Code   RO         1786    .text.UART_SetConfig  stm32h7xx_hal_uart.o
    0x0800e512   0x0800e512   0x00000006   PAD
    0x0800e518   0x0800e518   0x0000012e   Code   RO         1832    .text.UART_Start_Receive_DMA  stm32h7xx_hal_uart.o
    0x0800e646   0x0800e646   0x00000002   PAD
    0x0800e648   0x0800e648   0x000000fc   Code   RO         1804    .text.UART_WaitOnFlagUntilTimeout  stm32h7xx_hal_uart.o
    0x0800e744   0x0800e744   0x00000004   PAD
    0x0800e748   0x0800e748   0x00000010   Code   RO          158    .text.USART1_IRQHandler  stm32h7xx_it.o
    0x0800e758   0x0800e758   0x00000010   Code   RO          160    .text.USART3_IRQHandler  stm32h7xx_it.o
    0x0800e768   0x0800e768   0x00000004   Code   RO          146    .text.UsageFault_Handler  stm32h7xx_it.o
    0x0800e76c   0x0800e76c   0x00000004   PAD
    0x0800e770   0x0800e770   0x00000030   Code   RO         1056    .text.__NVIC_EnableIRQ  stm32h7xx_hal_cortex.o
    0x0800e7a0   0x0800e7a0   0x00000010   Code   RO         1048    .text.__NVIC_GetPriorityGrouping  stm32h7xx_hal_cortex.o
    0x0800e7b0   0x0800e7b0   0x00000042   Code   RO         1050    .text.__NVIC_SetPriority  stm32h7xx_hal_cortex.o
    0x0800e7f2   0x0800e7f2   0x00000006   PAD
    0x0800e7f8   0x0800e7f8   0x0000003c   Code   RO         1044    .text.__NVIC_SetPriorityGrouping  stm32h7xx_hal_cortex.o
    0x0800e834   0x0800e834   0x00000004   PAD
    0x0800e838   0x0800e838   0x00000170   Code   RO           11    .text.main          main.o
    0x0800e9a8   0x0800e9a8   0x00000028   Code   RO         1998    i.__0sprintf        mc_w.l(printfa.o)
    0x0800e9d0   0x0800e9d0   0x0000000e   Code   RO         2072    i.__scatterload_copy  mc_w.l(handlers.o)
    0x0800e9de   0x0800e9de   0x00000002   Code   RO         2073    i.__scatterload_null  mc_w.l(handlers.o)
    0x0800e9e0   0x0800e9e0   0x0000000e   Code   RO         2074    i.__scatterload_zeroinit  mc_w.l(handlers.o)
    0x0800e9ee   0x0800e9ee   0x00000002   PAD
    0x0800e9f0   0x0800e9f0   0x00000184   Code   RO         2003    i._fp_digits        mc_w.l(printfa.o)
    0x0800eb74   0x0800eb74   0x000006dc   Code   RO         2004    i._printf_core      mc_w.l(printfa.o)
    0x0800f250   0x0800f250   0x00000024   Code   RO         2005    i._printf_post_padding  mc_w.l(printfa.o)
    0x0800f274   0x0800f274   0x0000002e   Code   RO         2006    i._printf_pre_padding  mc_w.l(printfa.o)
    0x0800f2a2   0x0800f2a2   0x0000000a   Code   RO         2008    i._sputc            mc_w.l(printfa.o)
    0x0800f2ac   0x0800f2ac   0x00000010   Data   RO         1981    .rodata.D1CorePrescTable  system_stm32h7xx.o
    0x0800f2bc   0x0800f2bc   0x00000008   Data   RO          832    .rodata.DMA_CalcBaseAndBitshift.flagBitshiftOffset  stm32h7xx_hal_dma.o
    0x0800f2c4   0x0800f2c4   0x00000008   Data   RO         1967    .rodata.UARTEx_SetNbDataToProcess.denominator  stm32h7xx_hal_uart_ex.o
    0x0800f2cc   0x0800f2cc   0x00000008   Data   RO         1966    .rodata.UARTEx_SetNbDataToProcess.numerator  stm32h7xx_hal_uart_ex.o
    0x0800f2d4   0x0800f2d4   0x00000018   Data   RO         1922    .rodata.UARTPrescTable  stm32h7xx_hal_uart.o
    0x0800f2ec   0x0800f2ec   0x00000228   Data   RO          277    .rodata.asc2_0806   oled.o
    0x0800f514   0x0800f514   0x00000474   Data   RO          278    .rodata.asc2_1206   oled.o
    0x0800f988   0x0800f988   0x000005f0   Data   RO          279    .rodata.asc2_1608   oled.o
    0x0800ff78   0x0800ff78   0x00000d5c   Data   RO          280    .rodata.asc2_2412   oled.o
    0x08010cd4   0x08010cd4   0x00000020   Data   RO          228    .rodata.step_sequence  28byj48_it.o
    0x08010cf4   0x08010cf4   0x00000004   Data   RO          229    .rodata.step_stop   28byj48_it.o
    0x08010cf8   0x08010cf8   0x0000000d   Data   RO           19    .rodata.str1.1      main.o
    0x08010d05   0x08010d05   0x00000015   Data   RO          223    .rodata.str1.1      28byj48_it.o
    0x08010d1a   0x08010d1a   0x00000002   PAD
    0x08010d1c   0x08010d1c   0x00000020   Data   RO         2071    Region$$Table       anon$$obj.o


    Execution Region RW_IRAM1 (Exec base: 0x20000000, Load base: 0x08010d3c, Size: 0x00000000, Max: 0x00020000, ABSOLUTE)

    **** No section assigned to this execution region ****


    Execution Region //RW_IRAM2 (Exec base: 0x24000000, Load base: 0x08010d40, Size: 0x00007d60, Max: 0x00080000, ABSOLUTE)

    Exec Addr    Load Addr    Size         Type   Attr      Idx    E Section Name        Object

    0x24000000   0x08010d40   0x00000004   Data   RW         1979    .data.SystemCoreClock  system_stm32h7xx.o
    0x24000004   0x08010d44   0x00000004   Data   RW         1980    .data.SystemD2Clock  system_stm32h7xx.o
    0x24000008   0x08010d48   0x00000001   Data   RW         1212    .data.uwTickFreq    stm32h7xx_hal.o
    0x24000009   0x08010d49   0x00000003   PAD
    0x2400000c   0x08010d4c   0x00000004   Data   RW         1211    .data.uwTickPrio    stm32h7xx_hal.o
    0x24000010        -       0x00000001   Zero   RW          226    .bss.HAL_TIM_PeriodElapsedCallback.stepX  28byj48_it.o
    0x24000011        -       0x00000001   Zero   RW          227    .bss.HAL_TIM_PeriodElapsedCallback.stepY  28byj48_it.o
    0x24000012        -       0x00000002   Zero   RW          222    .bss.HAL_UART_RxCpltCallback.sum  28byj48_it.o
    0x24000014        -       0x00000480   Zero   RW          282    .bss.OLED_GRAM      oled.o
    0x24000494        -       0x00000064   Zero   RW           42    .bss.hadc3          adc.o
    0x240004f8        -       0x00000078   Zero   RW          130    .bss.hdma_usart3_rx  usart.o
    0x24000570        -       0x00000054   Zero   RW           64    .bss.hi2c1          i2c.o
    0x240005c4        -       0x0000004c   Zero   RW          102    .bss.htim16         tim.o
    0x24000610        -       0x0000004c   Zero   RW          103    .bss.htim17         tim.o
    0x2400065c        -       0x0000004c   Zero   RW           98    .bss.htim2          tim.o
    0x240006a8        -       0x0000004c   Zero   RW           99    .bss.htim3          tim.o
    0x240006f4        -       0x0000004c   Zero   RW          100    .bss.htim4          tim.o
    0x24000740        -       0x0000004c   Zero   RW          101    .bss.htim7          tim.o
    0x2400078c        -       0x00000094   Zero   RW          127    .bss.huart1         usart.o
    0x24000820        -       0x00000094   Zero   RW          128    .bss.huart3         usart.o
    0x240008b4        -       0x00000094   Zero   RW          129    .bss.huart6         usart.o
    0x24000948        -       0x00000005   Zero   RW          221    .bss.msg_vector     28byj48_it.o
    0x2400094d   0x08010d50   0x00000003   PAD
    0x24000950        -       0x00000004   Zero   RW          224    .bss.remain_stepX   28byj48_it.o
    0x24000954        -       0x00000004   Zero   RW          225    .bss.remain_stepY   28byj48_it.o
    0x24000958        -       0x00000004   Zero   RW         1213    .bss.uwTick         stm32h7xx_hal.o
    0x2400095c        -       0x00000002   Zero   RW          219    .bss.vectorX        28byj48_it.o
    0x2400095e        -       0x00000002   Zero   RW          220    .bss.vectorY        28byj48_it.o
    0x24000960        -       0x00007400   Zero   RW            1    STACK               startup_stm32h743xx.o


    Execution Region RW_IRAM2 (Exec base: 0x24000000, Load base: 0x08010d50, Size: 0x00000000, Max: 0x00080000, ABSOLUTE)

    **** No section assigned to this execution region ****


    Execution Region RW_IRAM3 (Exec base: 0x30000000, Load base: 0x08010d50, Size: 0x00000000, Max: 0x00048000, ABSOLUTE)

    **** No section assigned to this execution region ****


    Execution Region RW_IRAM4 (Exec base: 0x38000000, Load base: 0x08010d50, Size: 0x00000000, Max: 0x00010000, ABSOLUTE)

    **** No section assigned to this execution region ****


==============================================================================

Image component sizes


      Code (inc. data)   RO Data    RW Data    ZI Data      Debug   Object Name

      1020         16         57          0         21       8074   28byj48_it.o
       320          0          0          0        100       8036   adc.o
        56          0          0          0          0       5290   dma.o
       662          0          0          0          0       3164   gpio.o
       286          0          0          0         84       7939   i2c.o
       920          0         13          0          0       7070   main.o
      1526          0       6632          0       1152       7675   oled.o
        36          8        664          0      29696        832   startup_stm32h743xx.o
       404          0          0          5          4      13807   stm32h7xx_hal.o
      3912          0          0          0          0      21048   stm32h7xx_hal_adc.o
       718          0          0          0          0      11407   stm32h7xx_hal_cortex.o
     15542          8          8          0          0      12785   stm32h7xx_hal_dma.o
      1010          0          0          0          0       6986   stm32h7xx_hal_gpio.o
       260          0          0          0          0      36111   stm32h7xx_hal_i2c.o
       314          0          0          0          0       7339   stm32h7xx_hal_i2c_ex.o
        36          0          0          0          0       2221   stm32h7xx_hal_msp.o
       162          0          0          0          0      10015   stm32h7xx_hal_pwr_ex.o
      5026         66          0          0          0      11888   stm32h7xx_hal_rcc.o
     10408        118          0          0          0      19266   stm32h7xx_hal_rcc_ex.o
      4642         22          0          0          0      37519   stm32h7xx_hal_tim.o
       368          0          0          0          0      17524   stm32h7xx_hal_tim_ex.o
      6430        258         24          0          0      29205   stm32h7xx_hal_uart.o
       562          0         16          0          0       8880   stm32h7xx_hal_uart_ex.o
       114          0          0          0          0       1487   stm32h7xx_it.o
       352          0         16          8          0       5868   system_stm32h7xx.o
      1214          0          0          0        456      12780   tim.o
       998          0          0          0        564      12792   usart.o

    ----------------------------------------------------------------------
     57740        508       7464         16      32080     327008   Object Totals
         0          0         32          0          0          0   (incl. Generated)
       442         12          2          3          3          0   (incl. Padding)

    ----------------------------------------------------------------------

      Code (inc. data)   RO Data    RW Data    ZI Data      Debug   Library Member Name

         0          0          0          0          0          0   entry.o
         0          0          0          0          0          0   entry10a.o
         0          0          0          0          0          0   entry11a.o
         8          4          0          0          0          0   entry2.o
         4          0          0          0          0          0   entry5.o
         0          0          0          0          0          0   entry7b.o
         0          0          0          0          0          0   entry8b.o
         8          4          0          0          0          0   entry9a.o
        30          0          0          0          0          0   handlers.o
        48         10          0          0          0         68   init.o
         0          0          0          0          0          0   iusefp.o
        30          0          0          0          0         68   llshl.o
        36          0          0          0          0         68   llsshr.o
        32          0          0          0          0         68   llushr.o
        36          0          0          0          0        108   memseta.o
      2276         86          0          0          0        520   printfa.o
        44          0          0          0          0         80   uidiv.o
        98          0          0          0          0         92   uldiv.o
        48          0          0          0          0         68   cdrcmple.o
       334          0          0          0          0        148   dadd.o
       222          0          0          0          0        100   ddiv.o
       186          0          0          0          0        176   depilogue.o
        48          0          0          0          0         68   dfixul.o
       228          0          0          0          0         96   dmul.o

    ----------------------------------------------------------------------
      3720        104          0          0          0       1728   Library Totals
         4          0          0          0          0          0   (incl. Padding)

    ----------------------------------------------------------------------

      Code (inc. data)   RO Data    RW Data    ZI Data      Debug   Library Name

      2650        104          0          0          0       1072   mc_w.l
      1066          0          0          0          0        656   mf_w.l

    ----------------------------------------------------------------------
      3720        104          0          0          0       1728   Library Totals

    ----------------------------------------------------------------------

==============================================================================


      Code (inc. data)   RO Data    RW Data    ZI Data      Debug   

     61460        612       7464         16      32080     327556   Grand Totals
     61460        612       7464         16      32080     327556   ELF Image Totals
     61460        612       7464         16          0          0   ROM Totals

==============================================================================

    Total RO  Size (Code + RO Data)                68924 (  67.31kB)
    Total RW  Size (RW Data + ZI Data)             32096 (  31.34kB)
    Total ROM Size (Code + RO Data + RW Data)      68940 (  67.32kB)

==============================================================================

